Building for production...
[Constructing description]
[Planning deferred tasks]
[5 / 26] agent-device-macos-helper-product
[14 / 26]
[15 / 27] AgentDeviceMacOSInput
[19 / 63]
[20 / 63]
[23 / 63]
[25 / 63]
[26 / 63]
[28 / 63]
[30 / 63]
[31 / 63]
[33 / 63]
[34 / 63]
[35 / 63]
[38 / 63]
[39 / 63]
[40 / 63]
[41 / 63]
[42 / 63]
[44 / 63]
[47 / 63]
[49 / 63]
[50 / 63]
[51 / 63]
[52 / 63] AgentDeviceMacOSInput
[59 / 64] AgentDeviceMacOSInput
[59 / 64] agent-device-macos-helper-product
[62 / 103]
[64 / 103]
[66 / 103]
[69 / 103]
[71 / 103]
[73 / 103]
[75 / 103]
[78 / 103]
[80 / 103]
[81 / 103]
[82 / 103]
[83 / 103]
[85 / 103]
[86 / 103]
[87 / 103]
[89 / 103]
[90 / 103]
[92 / 103]
[93 / 103]
[96 / 103]
[97 / 103]
[98 / 103]
[99 / 103] agent-device-macos-helper-product
[101 / 103] agent-device-macos-helper-product
[102 / 103] agent-device-macos-helper-product
Build complete! (87.56 secs)
