ℹ tsdown v0.22.14 powered by rolldown v1.2.5
ℹ config file: /Users/coryparry/Developer/Projects/Intents/Tools/IntentsAutomation/.runtime/mac-source-recovery-1/daemon-source/tsdown.config.ts
ℹ entry: src/sdk/index.ts, src/sdk/intents-daemon.ts, src/sdk/io.ts, src/sdk/artifacts.ts, src/sdk/batch.ts, src/sdk/metro.ts, src/sdk/remote-config.ts, src/sdk/install-source.ts, src/sdk/android-adb.ts, src/sdk/limrun.ts, src/sdk/contracts.ts, src/sdk/selectors.ts, src/sdk/finders.ts, src/ai-sdk/index.ts, src/bin.ts, src/client/companion-tunnel.ts, src/daemon.ts, packages/maestro/src/daemon-port/run-script-http-child.ts, packages/capture-kit/src/png-worker.ts, src/cli/update-check-entry.ts
ℹ target: es2022
ℹ tsconfig: tsconfig.lib.json
ℹ Build start

 WARN  TypeScript 7.0 does not yet have a stable API and is experimental. Some options will be unavailable.

ℹ The following entries in deps.onlyBundle are not used in the bundle:
- undici-types
Consider removing them to keep your configuration clean.
ℹ dist/src/internal/companion-tunnel.js                                   8.38 kB │ gzip:   3.23 kB
ℹ dist/src/internal/run-script-http-child.js                              3.00 kB │ gzip:   1.46 kB
ℹ dist/src/internal/png-worker.js                                         1.66 kB │ gzip:   0.71 kB
ℹ dist/src/internal/bin.js                                                1.46 kB │ gzip:   0.64 kB
ℹ dist/src/ai-sdk.js                                                      1.34 kB │ gzip:   0.74 kB
ℹ dist/src/limrun.js                                                      0.96 kB │ gzip:   0.36 kB
ℹ dist/src/android-adb.js                                                 0.76 kB │ gzip:   0.38 kB
ℹ dist/src/selectors.js                                                   0.32 kB │ gzip:   0.19 kB
ℹ dist/src/index.js                                                       0.29 kB │ gzip:   0.19 kB
ℹ dist/src/metro.js                                                       0.27 kB │ gzip:   0.17 kB
ℹ dist/src/intents-daemon.js                                              0.25 kB │ gzip:   0.16 kB
ℹ dist/src/artifacts.js                                                   0.20 kB │ gzip:   0.15 kB
ℹ dist/src/internal/daemon.js                                             0.18 kB │ gzip:   0.16 kB
ℹ dist/src/install-source.js                                              0.15 kB │ gzip:   0.14 kB
ℹ dist/src/internal/update-check-entry.js                                 0.13 kB │ gzip:   0.13 kB
ℹ dist/src/finders.js                                                     0.13 kB │ gzip:   0.12 kB
ℹ dist/src/contracts.js                                                   0.12 kB │ gzip:   0.12 kB
ℹ dist/src/remote-config.js                                               0.08 kB │ gzip:   0.09 kB
ℹ dist/src/io.js                                                          0.07 kB │ gzip:   0.09 kB
ℹ dist/src/batch.js                                                       0.06 kB │ gzip:   0.08 kB
ℹ dist/src/undici.js                                                    508.81 kB │ gzip: 157.02 kB
ℹ dist/src/session2.js                                                  230.15 kB │ gzip:  67.14 kB
ℹ dist/src/ios-client.js                                                207.53 kB │ gzip:  64.50 kB
ℹ dist/src/registry.js                                                  168.22 kB │ gzip:  54.38 kB
ℹ dist/src/mechanics.js                                                 154.94 kB │ gzip:  47.61 kB
ℹ dist/src/src7.js                                                      136.47 kB │ gzip:  41.06 kB
ℹ dist/src/daemon-runtime.js                                            123.56 kB │ gzip:  37.64 kB
ℹ dist/src/cli-help.js                                                   99.47 kB │ gzip:  34.28 kB
ℹ dist/src/runtime.js                                                    97.80 kB │ gzip:  31.35 kB
ℹ dist/src/runtime4.js                                                   82.10 kB │ gzip:  23.38 kB
ℹ dist/src/sdk-batch.js                                                  81.38 kB │ gzip:  20.64 kB
ℹ dist/src/device-claim-rule.js                                          57.56 kB │ gzip:  18.41 kB
ℹ dist/src/runtime2.js                                                   51.73 kB │ gzip:  15.35 kB
ℹ dist/src/provider-webdriver.js                                         48.86 kB │ gzip:  14.69 kB
ℹ dist/src/archive.js                                                    45.70 kB │ gzip:  13.64 kB
ℹ dist/src/session-store.js                                              41.04 kB │ gzip:  13.16 kB
ℹ dist/src/api.js                                                        40.76 kB │ gzip:  13.36 kB
ℹ dist/src/back-mode.js                                                  36.88 kB │ gzip:   9.49 kB
ℹ dist/src/daemon-client-transport.js                                    35.86 kB │ gzip:  11.39 kB
ℹ dist/src/runner-client.js                                              34.79 kB │ gzip:  11.09 kB
ℹ dist/src/interaction2.js                                               34.49 kB │ gzip:  10.24 kB
ℹ dist/src/runtime10.js                                                  33.76 kB │ gzip:  10.43 kB
ℹ dist/src/interactor.js                                                 33.19 kB │ gzip:  10.85 kB
ℹ dist/src/png.js                                                        29.18 kB │ gzip:   8.88 kB
ℹ dist/src/adapter.js                                                    28.23 kB │ gzip:   9.20 kB
ℹ dist/src/ios-snapshot-engine.js                                        28.03 kB │ gzip:   8.69 kB
ℹ dist/src/platform-runtime-operation-host.js                            27.41 kB │ gzip:   8.30 kB
ℹ dist/src/cli.js                                                        27.24 kB │ gzip:   9.01 kB
ℹ dist/src/perf-facade.js                                                23.91 kB │ gzip:   7.52 kB
ℹ dist/src/src6.js                                                       23.58 kB │ gzip:   7.44 kB
ℹ dist/src/connection.js                                                 23.49 kB │ gzip:   7.50 kB
ℹ dist/src/yauzl.js                                                      22.06 kB │ gzip:   8.50 kB
ℹ dist/src/script.js                                                     21.11 kB │ gzip:   6.61 kB
ℹ dist/src/connection-runtime.js                                         20.90 kB │ gzip:   6.83 kB
ℹ dist/src/screenshot-image.js                                           20.60 kB │ gzip:   8.58 kB
ℹ dist/src/app-log-runtime2.js                                           20.07 kB │ gzip:   6.13 kB
ℹ dist/src/screen-recording-resource-recovery.js                         19.81 kB │ gzip:   5.96 kB
ℹ dist/src/agent-device-client.js                                        19.79 kB │ gzip:   6.61 kB
ℹ dist/src/runtime6.js                                                   19.00 kB │ gzip:   6.07 kB
ℹ dist/src/reporting.js                                                  18.90 kB │ gzip:   6.60 kB
ℹ dist/src/screenshot-runtime.js                                         18.44 kB │ gzip:   6.49 kB
ℹ dist/src/runner-xctestrun.js                                           17.25 kB │ gzip:   6.14 kB
ℹ dist/src/agent-browser-provider.js                                     16.59 kB │ gzip:   6.18 kB
ℹ dist/src/session-snapshot.js                                           16.24 kB │ gzip:   5.89 kB
ℹ dist/src/install-source-network-transport.js                           16.12 kB │ gzip:   5.18 kB
ℹ dist/src/sdk-contracts.js                                              15.88 kB │ gzip:   6.22 kB
ℹ dist/src/client-metro.js                                               14.38 kB │ gzip:   5.21 kB
ℹ dist/src/runner-startup-transport.js                                   14.28 kB │ gzip:   5.00 kB
ℹ dist/src/debug-symbols-facade.js                                       14.27 kB │ gzip:   5.36 kB
ℹ dist/src/command-tools.js                                              14.18 kB │ gzip:   5.62 kB
ℹ dist/src/selector-runtime.js                                           14.11 kB │ gzip:   4.99 kB
ℹ dist/src/perf-runtime-plan.js                                          13.53 kB │ gzip:   4.27 kB
ℹ dist/src/snapshot4.js                                                  12.50 kB │ gzip:   4.09 kB
ℹ dist/src/platform-runtime.js                                           11.73 kB │ gzip:   3.87 kB
ℹ dist/src/daemon-client-lifecycle.js                                    11.58 kB │ gzip:   4.53 kB
ℹ dist/src/platform-runtime2.js                                          11.52 kB │ gzip:   3.10 kB
ℹ dist/src/runner-error-classification.js                                11.44 kB │ gzip:   3.96 kB
ℹ dist/src/runner-disposal.js                                            11.38 kB │ gzip:   4.18 kB
ℹ dist/src/app-lifecycle.js                                              11.14 kB │ gzip:   4.12 kB
ℹ dist/src/physical-device-control.js                                    10.72 kB │ gzip:   3.74 kB
ℹ dist/src/overlay.js                                                    10.43 kB │ gzip:   4.08 kB
ℹ dist/src/runner-cache-metadata.js                                      10.39 kB │ gzip:   4.30 kB
ℹ dist/src/device-session.js                                             10.03 kB │ gzip:   3.64 kB
ℹ dist/src/exec.js                                                        9.83 kB │ gzip:   3.80 kB
ℹ dist/src/proxy.js                                                       9.72 kB │ gzip:   3.82 kB
ℹ dist/src/replay.js                                                      9.52 kB │ gzip:   3.23 kB
ℹ dist/src/record-runtime.js                                              9.30 kB │ gzip:   3.19 kB
ℹ dist/src/alert-runtime.js                                               9.28 kB │ gzip:   2.37 kB
ℹ dist/src/auth-session.js                                                8.61 kB │ gzip:   2.94 kB
ℹ dist/src/video.js                                                       8.59 kB │ gzip:   3.62 kB
ℹ dist/src/src8.js                                                        8.55 kB │ gzip:   3.11 kB
ℹ dist/src/adb-executor.js                                                8.48 kB │ gzip:   3.11 kB
ℹ dist/src/snapshot-runtime.js                                            8.46 kB │ gzip:   2.91 kB
ℹ dist/src/parameterized-recorded-fill.js                                 8.16 kB │ gzip:   2.78 kB
ℹ dist/src/server.js                                                      8.13 kB │ gzip:   3.48 kB
ℹ dist/src/runtime9.js                                                    8.09 kB │ gzip:   2.72 kB
ℹ dist/src/sdk-batch-runner.js                                            8.04 kB │ gzip:   2.89 kB
ℹ dist/src/command-schema.js                                              8.01 kB │ gzip:   3.11 kB
ℹ dist/src/install-source2.js                                             8.01 kB │ gzip:   3.17 kB
ℹ dist/src/cache.js                                                       7.72 kB │ gzip:   3.05 kB
ℹ dist/src/runner-exchange.js                                             7.58 kB │ gzip:   2.83 kB
ℹ dist/src/find.js                                                        7.53 kB │ gzip:   3.07 kB
ℹ dist/src/recording-gestures.js                                          7.44 kB │ gzip:   2.60 kB
ℹ dist/src/interaction-ref-policy.js                                      7.29 kB │ gzip:   2.98 kB
ℹ dist/src/session-routing.js                                             7.11 kB │ gzip:   2.69 kB
ℹ dist/src/app-launch.js                                                  6.97 kB │ gzip:   2.73 kB
ℹ dist/src/helper.js                                                      6.97 kB │ gzip:   2.89 kB
ℹ dist/src/app-resolution.js                                              6.64 kB │ gzip:   2.70 kB
ℹ dist/src/human-control-contract.js                                      6.54 kB │ gzip:   2.17 kB
ℹ dist/src/sdk-device.js                                                  6.40 kB │ gzip:   2.37 kB
ℹ dist/src/replay-divergence.js                                           6.34 kB │ gzip:   2.59 kB
ℹ dist/src/request-dispatch-disclosure.js                                 6.33 kB │ gzip:   2.25 kB
ℹ dist/src/client-metro-companion.js                                      6.26 kB │ gzip:   2.23 kB
ℹ dist/src/gesture-plan.js                                                6.09 kB │ gzip:   2.28 kB
ℹ dist/src/runner-artifact-manifest.js                                    6.02 kB │ gzip:   1.99 kB
ℹ dist/src/quality-warnings.js                                            6.01 kB │ gzip:   2.52 kB
ℹ dist/src/capture.js                                                     5.97 kB │ gzip:   2.10 kB
ℹ dist/src/owner-identity.js                                              5.97 kB │ gzip:   2.27 kB
ℹ dist/src/snapshot-runtime-binding.js                                    5.94 kB │ gzip:   2.03 kB
ℹ dist/src/devicectl.js                                                   5.89 kB │ gzip:   2.28 kB
ℹ dist/src/platform-runtime-app-log-process.js                            5.85 kB │ gzip:   2.30 kB
ℹ dist/src/request-runtime-binding.js                                     5.75 kB │ gzip:   2.22 kB
ℹ dist/src/adb-failure.js                                                 5.67 kB │ gzip:   2.22 kB
ℹ dist/src/device-claim-inspection.js                                     5.66 kB │ gzip:   2.02 kB
ℹ dist/src/agent-browser-tool.js                                          5.55 kB │ gzip:   2.28 kB
ℹ dist/src/provider-session-ownership.js                                  5.54 kB │ gzip:   2.15 kB
ℹ dist/src/touch-runtime2.js                                              5.50 kB │ gzip:   1.87 kB
ℹ dist/src/snapshot-state.js                                              5.48 kB │ gzip:   2.29 kB
ℹ dist/src/screenshot3.js                                                 5.38 kB │ gzip:   2.27 kB
ℹ dist/src/android-input-ownership.js                                     5.36 kB │ gzip:   2.03 kB
ℹ dist/src/inventory2.js                                                  5.34 kB │ gzip:   2.24 kB
ℹ dist/src/platform-runtime-runtime-hints.js                              5.17 kB │ gzip:   2.18 kB
ℹ dist/src/adb-transport.js                                               5.04 kB │ gzip:   1.97 kB
ℹ dist/src/snapshot3.js                                                   5.03 kB │ gzip:   2.26 kB
ℹ dist/src/platform-request-scope.js                                      4.96 kB │ gzip:   1.48 kB
ℹ dist/src/target-evidence.js                                             4.92 kB │ gzip:   1.93 kB
ℹ dist/src/runtime7.js                                                    4.89 kB │ gzip:   1.76 kB
ℹ dist/src/sdk-remote-config.js                                           4.75 kB │ gzip:   1.54 kB
ℹ dist/src/process.js                                                     4.71 kB │ gzip:   1.89 kB
ℹ dist/src/runner-session-types.js                                        4.68 kB │ gzip:   2.07 kB
ℹ dist/src/device2.js                                                     4.68 kB │ gzip:   1.73 kB
ℹ dist/src/parser.js                                                      4.65 kB │ gzip:   1.69 kB
ℹ dist/src/application-lifecycle-interaction.js                           4.60 kB │ gzip:   1.62 kB
ℹ dist/src/input-actions2.js                                              4.53 kB │ gzip:   1.61 kB
ℹ dist/src/runtime8.js                                                    4.53 kB │ gzip:   1.55 kB
ℹ dist/src/daemon.js                                                      4.51 kB │ gzip:   1.69 kB
ℹ dist/src/runner.js                                                      4.43 kB │ gzip:   1.90 kB
ℹ dist/src/file.js                                                        4.36 kB │ gzip:   1.78 kB
ℹ dist/src/lease.js                                                       4.33 kB │ gzip:   1.80 kB
ℹ dist/src/durable-resource.js                                            4.30 kB │ gzip:   1.54 kB
ℹ dist/src/cli-config.js                                                  4.30 kB │ gzip:   1.85 kB
ℹ dist/src/display-inventory.js                                           4.23 kB │ gzip:   1.89 kB
ℹ dist/src/inventory.js                                                   4.17 kB │ gzip:   1.82 kB
ℹ dist/src/png-crop-bytes.js                                              4.15 kB │ gzip:   1.79 kB
ℹ dist/src/scroll-gesture.js                                              4.13 kB │ gzip:   1.69 kB
ℹ dist/src/device-readiness-runtime.js                                    4.11 kB │ gzip:   1.60 kB
ℹ dist/src/request-providers.js                                           4.10 kB │ gzip:   1.17 kB
ℹ dist/src/platform-runtime-screen-recording-android-host.js              4.06 kB │ gzip:   1.62 kB
ℹ dist/src/tool-provider.js                                               3.99 kB │ gzip:   1.66 kB
ℹ dist/src/platform-runtime-screen-recording-apple-simulator-host.js      3.96 kB │ gzip:   1.64 kB
ℹ dist/src/png-worker-client.js                                           3.91 kB │ gzip:   1.64 kB
ℹ dist/src/apple-runner-platform.js                                       3.83 kB │ gzip:   1.23 kB
ℹ dist/src/mobile-snapshot-semantics.js                                   3.73 kB │ gzip:   1.47 kB
ℹ dist/src/react-native.js                                                3.69 kB │ gzip:   1.46 kB
ℹ dist/src/interactors.js                                                 3.62 kB │ gzip:   1.31 kB
ℹ dist/src/result-serialization.js                                        3.60 kB │ gzip:   1.16 kB
ℹ dist/src/tool-provider2.js                                              3.53 kB │ gzip:   1.29 kB
ℹ dist/src/boot-diagnostics.js                                            3.50 kB │ gzip:   1.44 kB
ℹ dist/src/daemon-policy-file.js                                          3.45 kB │ gzip:   1.49 kB
ℹ dist/src/touch-runtime.js                                               3.41 kB │ gzip:   1.35 kB
ℹ dist/src/settings.js                                                    3.41 kB │ gzip:   1.38 kB
ℹ dist/src/install-artifact-facade.js                                     3.35 kB │ gzip:   1.37 kB
ℹ dist/src/observation.js                                                 3.26 kB │ gzip:   1.49 kB
ℹ dist/src/diagnostics.js                                                 3.25 kB │ gzip:   1.40 kB
ℹ dist/src/retry.js                                                       3.21 kB │ gzip:   1.19 kB
ℹ dist/src/platform-runtime-unavailable.js                                3.12 kB │ gzip:   1.26 kB
ℹ dist/src/lease-scope.js                                                 3.08 kB │ gzip:   0.97 kB
ℹ dist/src/device-rotation.js                                             3.06 kB │ gzip:   1.15 kB
ℹ dist/src/vars.js                                                        3.02 kB │ gzip:   1.36 kB
ℹ dist/src/tree.js                                                        3.01 kB │ gzip:   1.22 kB
ℹ dist/src/observe-until.js                                               2.92 kB │ gzip:   1.23 kB
ℹ dist/src/src3.js                                                        2.90 kB │ gzip:   0.87 kB
ℹ dist/src/device-selection-resolver.js                                   2.88 kB │ gzip:   1.23 kB
ℹ dist/src/code-signature.js                                              2.84 kB │ gzip:   1.29 kB
ℹ dist/src/app-lifecycle2.js                                              2.84 kB │ gzip:   1.34 kB
ℹ dist/src/snapshot-diagnostics.js                                        2.80 kB │ gzip:   1.12 kB
ℹ dist/src/platform-runtime-screen-recording-finalizer-host.js            2.80 kB │ gzip:   1.27 kB
ℹ dist/src/perf-target.js                                                 2.76 kB │ gzip:   1.22 kB
ℹ dist/src/selection.js                                                   2.70 kB │ gzip:   1.19 kB
ℹ dist/src/simulator.js                                                   2.69 kB │ gzip:   1.19 kB
ℹ dist/src/dispatch-resolve.js                                            2.69 kB │ gzip:   1.16 kB
ℹ dist/src/platform-runtime-android-adb-host.js                           2.66 kB │ gzip:   1.09 kB
ℹ dist/src/limrun-runtime-dependencies.js                                 2.64 kB │ gzip:   1.05 kB
ℹ dist/src/artifact-download.js                                           2.62 kB │ gzip:   1.17 kB
ℹ dist/src/interaction-positionals.js                                     2.61 kB │ gzip:   1.15 kB
ℹ dist/src/update-check.js                                                2.61 kB │ gzip:   1.23 kB
ℹ dist/src/snapshot2.js                                                   2.57 kB │ gzip:   1.35 kB
ℹ dist/src/platform-runtime-screen-recording-process-host.js              2.55 kB │ gzip:   1.12 kB
ℹ dist/src/platform-runtime-host.js                                       2.54 kB │ gzip:   1.11 kB
ℹ dist/src/screenshot-overlay-draw.js                                     2.45 kB │ gzip:   0.96 kB
ℹ dist/src/agent-browser-process-record.js                                2.45 kB │ gzip:   1.08 kB
ℹ dist/src/android.js                                                     2.43 kB │ gzip:   1.11 kB
ℹ dist/src/interactor2.js                                                 2.42 kB │ gzip:   0.98 kB
ℹ dist/src/src4.js                                                        2.39 kB │ gzip:   0.73 kB
ℹ dist/src/app-log-reconnect.js                                           2.36 kB │ gzip:   0.99 kB
ℹ dist/src/webdriver-source.js                                            2.36 kB │ gzip:   1.15 kB
ℹ dist/src/screen-recording-transport.js                                  2.35 kB │ gzip:   0.99 kB
ℹ dist/src/launch-confirmation.js                                         2.32 kB │ gzip:   1.07 kB
ℹ dist/src/platform-runtime-screen-recording-apple-runner-transport.js    2.30 kB │ gzip:   0.96 kB
ℹ dist/src/input-actions.js                                               2.27 kB │ gzip:   0.93 kB
ℹ dist/src/platform-runtime-open-target.js                                2.26 kB │ gzip:   0.99 kB
ℹ dist/src/platform-runtime-managed-owner.js                              2.15 kB │ gzip:   0.98 kB
ℹ dist/src/platform-runtime-screen-recording-apple-runner-host.js         2.15 kB │ gzip:   0.86 kB
ℹ dist/src/agent-browser-lifecycle.js                                     2.09 kB │ gzip:   0.98 kB
ℹ dist/src/capabilities.js                                                2.09 kB │ gzip:   0.90 kB
ℹ dist/src/gesture-runtime.js                                             2.09 kB │ gzip:   0.76 kB
ℹ dist/src/daemon-client-lease-beat.js                                    2.06 kB │ gzip:   1.00 kB
ℹ dist/src/ios-snapshot-runtime.js                                        2.05 kB │ gzip:   0.90 kB
ℹ dist/src/screenshot-result.js                                           2.04 kB │ gzip:   0.72 kB
ℹ dist/src/session-allocation.js                                          2.02 kB │ gzip:   0.84 kB
ℹ dist/src/mac-application-target.js                                      2.02 kB │ gzip:   0.90 kB
ℹ dist/src/app-deployment-resolution.js                                   2.01 kB │ gzip:   1.04 kB
ℹ dist/src/takeover.js                                                    1.96 kB │ gzip:   0.95 kB
ℹ dist/src/platform-runtime-screen-recording-apple-host.js                1.95 kB │ gzip:   0.52 kB
ℹ dist/src/ios-snapshot-planning.js                                       1.94 kB │ gzip:   0.64 kB
ℹ dist/src/code-signature-cache.js                                        1.90 kB │ gzip:   0.93 kB
ℹ dist/src/version.js                                                     1.88 kB │ gzip:   0.92 kB
ℹ dist/src/verified-file.js                                               1.85 kB │ gzip:   0.89 kB
ℹ dist/src/record-trace.js                                                1.83 kB │ gzip:   0.83 kB
ℹ dist/src/inventory3.js                                                  1.79 kB │ gzip:   0.93 kB
ℹ dist/src/screen-recording-completion.js                                 1.79 kB │ gzip:   0.84 kB
ℹ dist/src/runner-operations-facade.js                                    1.77 kB │ gzip:   0.77 kB
ℹ dist/src/host.js                                                        1.75 kB │ gzip:   0.93 kB
ℹ dist/src/ios-snapshot-acquisition.js                                    1.74 kB │ gzip:   0.72 kB
ℹ dist/src/text-entry-focus.js                                            1.73 kB │ gzip:   0.93 kB
ℹ dist/src/transport.js                                                   1.73 kB │ gzip:   0.88 kB
ℹ dist/src/simulator-boot.js                                              1.70 kB │ gzip:   0.90 kB
ℹ dist/src/daemon-shutdown-report.js                                      1.69 kB │ gzip:   0.67 kB
ℹ dist/src/doctor-facade.js                                               1.68 kB │ gzip:   0.73 kB
ℹ dist/src/interactor-operation-catalog.js                                1.65 kB │ gzip:   0.58 kB
ℹ dist/src/remote-config2.js                                              1.63 kB │ gzip:   0.77 kB
ℹ dist/src/web2.js                                                        1.63 kB │ gzip:   0.71 kB
ℹ dist/src/device-shell.js                                                1.62 kB │ gzip:   0.86 kB
ℹ dist/src/host-file.js                                                   1.62 kB │ gzip:   0.54 kB
ℹ dist/src/window-state.js                                                1.61 kB │ gzip:   0.82 kB
ℹ dist/src/audio-probe-result.js                                          1.59 kB │ gzip:   0.62 kB
ℹ dist/src/interaction.js                                                 1.58 kB │ gzip:   0.68 kB
ℹ dist/src/src5.js                                                        1.58 kB │ gzip:   0.55 kB
ℹ dist/src/app-catalog.js                                                 1.57 kB │ gzip:   0.82 kB
ℹ dist/src/ios-system-surface.js                                          1.56 kB │ gzip:   0.80 kB
ℹ dist/src/alert.js                                                       1.55 kB │ gzip:   0.77 kB
ℹ dist/src/selector-pipeline-policy.js                                    1.54 kB │ gzip:   0.54 kB
ℹ dist/src/request-cancellation.js                                        1.51 kB │ gzip:   0.70 kB
ℹ dist/src/runner-start-budget.js                                         1.50 kB │ gzip:   0.82 kB
ℹ dist/src/sdk-io.js                                                      1.48 kB │ gzip:   0.77 kB
ℹ dist/src/linux.js                                                       1.46 kB │ gzip:   0.69 kB
ℹ dist/src/error.js                                                       1.44 kB │ gzip:   0.70 kB
ℹ dist/src/tv-remote.js                                                   1.42 kB │ gzip:   0.59 kB
ℹ dist/src/inventory5.js                                                  1.40 kB │ gzip:   0.83 kB
ℹ dist/src/request-admission.js                                           1.39 kB │ gzip:   0.71 kB
ℹ dist/src/doctor2.js                                                     1.38 kB │ gzip:   0.77 kB
ℹ dist/src/engine-eval-script.js                                          1.37 kB │ gzip:   0.78 kB
ℹ dist/src/limrun-download-file.js                                        1.34 kB │ gzip:   0.69 kB
ℹ dist/src/snapshot-capture-annotations.js                                1.32 kB │ gzip:   0.51 kB
ℹ dist/src/scroll-command.js                                              1.32 kB │ gzip:   0.64 kB
ℹ dist/src/type-text-runtime.js                                           1.31 kB │ gzip:   0.73 kB
ℹ dist/src/web.js                                                         1.31 kB │ gzip:   0.64 kB
ℹ dist/src/daemon-process.js                                              1.31 kB │ gzip:   0.66 kB
ℹ dist/src/auth.js                                                        1.30 kB │ gzip:   0.59 kB
ℹ dist/src/tool-provider3.js                                              1.27 kB │ gzip:   0.58 kB
ℹ dist/src/png-worker-contract.js                                         1.27 kB │ gzip:   0.64 kB
ℹ dist/src/platform-runtime-screen-recording-harmony-host.js              1.25 kB │ gzip:   0.54 kB
ℹ dist/src/app-parsers.js                                                 1.24 kB │ gzip:   0.64 kB
ℹ dist/src/recording.js                                                   1.21 kB │ gzip:   0.68 kB
ℹ dist/src/register-builtins.js                                           1.21 kB │ gzip:   0.53 kB
ℹ dist/src/perf.js                                                        1.21 kB │ gzip:   0.68 kB
ℹ dist/src/harmonyos.js                                                   1.20 kB │ gzip:   0.63 kB
ℹ dist/src/device-inventory-context.js                                    1.19 kB │ gzip:   0.60 kB
ℹ dist/src/request-cancel.js                                              1.19 kB │ gzip:   0.65 kB
ℹ dist/src/app-helpers.js                                                 1.17 kB │ gzip:   0.63 kB
ℹ dist/src/runtime-admission.js                                           1.17 kB │ gzip:   0.57 kB
ℹ dist/src/platform-runtime-app-log-android-transport.js                  1.16 kB │ gzip:   0.64 kB
ℹ dist/src/lease-context.js                                               1.11 kB │ gzip:   0.45 kB
ℹ dist/src/generic.js                                                     1.10 kB │ gzip:   0.56 kB
ℹ dist/src/compatibility-policy.js                                        1.09 kB │ gzip:   0.47 kB
ℹ dist/src/daemon-resolution.js                                           1.08 kB │ gzip:   0.54 kB
ℹ dist/src/daemon-registration.js                                         1.08 kB │ gzip:   0.53 kB
ℹ dist/src/ios-snapshot-adapter.js                                        1.07 kB │ gzip:   0.58 kB
ℹ dist/src/doctor3.js                                                     1.05 kB │ gzip:   0.47 kB
ℹ dist/src/human-control.js                                               1.04 kB │ gzip:   0.58 kB
ℹ dist/src/async-lifecycle.js                                             1.02 kB │ gzip:   0.46 kB
ℹ dist/src/device.js                                                      1.01 kB │ gzip:   0.53 kB
ℹ dist/src/perf-runtime-operation-builder.js                              1.01 kB │ gzip:   0.52 kB
ℹ dist/src/snapshot.js                                                    1.01 kB │ gzip:   0.47 kB
ℹ dist/src/snapshot-desktop-projection.js                                 1.00 kB │ gzip:   0.56 kB
ℹ dist/src/gesture-admission.js                                           1.00 kB │ gzip:   0.55 kB
ℹ dist/src/mp4-atoms.js                                                   0.98 kB │ gzip:   0.55 kB
ℹ dist/src/generic-settle.js                                              0.96 kB │ gzip:   0.48 kB
ℹ dist/src/base-url.js                                                    0.94 kB │ gzip:   0.42 kB
ℹ dist/src/session-runtime-admission.js                                   0.94 kB │ gzip:   0.51 kB
ℹ dist/src/multitouch-support.js                                          0.94 kB │ gzip:   0.49 kB
ℹ dist/src/clipboard-shell-response.js                                    0.93 kB │ gzip:   0.53 kB
ℹ dist/src/legacy-xctest-device-set.js                                    0.93 kB │ gzip:   0.47 kB
ℹ dist/src/runtime5.js                                                    0.93 kB │ gzip:   0.49 kB
ℹ dist/src/output-common.js                                               0.92 kB │ gzip:   0.49 kB
ℹ dist/src/src2.js                                                        0.92 kB │ gzip:   0.43 kB
ℹ dist/src/observability.js                                               0.91 kB │ gzip:   0.50 kB
ℹ dist/src/hdc.js                                                         0.90 kB │ gzip:   0.51 kB
ℹ dist/src/rolldown-runtime.js                                            0.88 kB │ gzip:   0.51 kB
ℹ dist/src/simctl.js                                                      0.87 kB │ gzip:   0.43 kB
ℹ dist/src/runner-device-readiness.js                                     0.87 kB │ gzip:   0.44 kB
ℹ dist/src/react-native-overlay.js                                        0.86 kB │ gzip:   0.49 kB
ℹ dist/src/application-lifecycle-runtime.js                               0.85 kB │ gzip:   0.36 kB
ℹ dist/src/click-button.js                                                0.85 kB │ gzip:   0.44 kB
ℹ dist/src/app-log-files.js                                               0.81 kB │ gzip:   0.52 kB
ℹ dist/src/screenshot-density.js                                          0.80 kB │ gzip:   0.46 kB
ℹ dist/src/platform-runtime-screen-recording-apple-transport.js           0.79 kB │ gzip:   0.46 kB
ℹ dist/src/screen-recording-admission-ledger.js                           0.78 kB │ gzip:   0.48 kB
ℹ dist/src/snapshot-quality-backend-capabilities.js                       0.72 kB │ gzip:   0.26 kB
ℹ dist/src/rect-center.js                                                 0.71 kB │ gzip:   0.38 kB
ℹ dist/src/interactor-operation-binding.js                                0.71 kB │ gzip:   0.40 kB
ℹ dist/src/settings2.js                                                   0.71 kB │ gzip:   0.41 kB
ℹ dist/src/runtime3.js                                                    0.70 kB │ gzip:   0.42 kB
ℹ dist/src/png-encode.js                                                  0.69 kB │ gzip:   0.41 kB
ℹ dist/src/session-observation.js                                         0.68 kB │ gzip:   0.42 kB
ℹ dist/src/runtime-transport-hints.js                                     0.68 kB │ gzip:   0.42 kB
ℹ dist/src/mp4-duration.js                                                0.68 kB │ gzip:   0.41 kB
ℹ dist/src/app-state.js                                                   0.67 kB │ gzip:   0.40 kB
ℹ dist/src/command.js                                                     0.67 kB │ gzip:   0.36 kB
ℹ dist/src/browser-launch.js                                              0.67 kB │ gzip:   0.40 kB
ℹ dist/src/runner-dev-tools-security.js                                   0.67 kB │ gzip:   0.40 kB
ℹ dist/src/src.js                                                         0.66 kB │ gzip:   0.31 kB
ℹ dist/src/focus-runtime.js                                               0.66 kB │ gzip:   0.37 kB
ℹ dist/src/ios-target-activation.js                                       0.65 kB │ gzip:   0.34 kB
ℹ dist/src/adb.js                                                         0.65 kB │ gzip:   0.35 kB
ℹ dist/src/plist.js                                                       0.64 kB │ gzip:   0.37 kB
ℹ dist/src/doctor-output.js                                               0.63 kB │ gzip:   0.34 kB
ℹ dist/src/ttl-memo.js                                                    0.62 kB │ gzip:   0.36 kB
ℹ dist/src/local-interactor-operation-set.js                              0.61 kB │ gzip:   0.32 kB
ℹ dist/src/entities.js                                                    0.60 kB │ gzip:   0.35 kB
ℹ dist/src/screenshot.js                                                  0.60 kB │ gzip:   0.40 kB
ℹ dist/src/managed-device-scope.js                                        0.59 kB │ gzip:   0.36 kB
ℹ dist/src/app-resolution-cache.js                                        0.55 kB │ gzip:   0.35 kB
ℹ dist/src/session-repair-tombstone.js                                    0.55 kB │ gzip:   0.34 kB
ℹ dist/src/cli-command-aliases.js                                         0.54 kB │ gzip:   0.29 kB
ℹ dist/src/scroll-indicator.js                                            0.50 kB │ gzip:   0.32 kB
ℹ dist/src/cli-runner.js                                                  0.50 kB │ gzip:   0.30 kB
ℹ dist/src/platform-runtime-network-web-transport.js                      0.50 kB │ gzip:   0.32 kB
ℹ dist/src/request-progress-protocol.js                                   0.49 kB │ gzip:   0.22 kB
ℹ dist/src/device-boot.js                                                 0.49 kB │ gzip:   0.34 kB
ℹ dist/src/doctor.js                                                      0.49 kB │ gzip:   0.31 kB
ℹ dist/src/location-coordinates.js                                        0.48 kB │ gzip:   0.31 kB
ℹ dist/src/android-snapshot-quality.js                                    0.48 kB │ gzip:   0.28 kB
ℹ dist/src/telemetry.js                                                   0.48 kB │ gzip:   0.32 kB
ℹ dist/src/open-target-resolution.js                                      0.47 kB │ gzip:   0.28 kB
ℹ dist/src/platform-runtime-screen-recording-output-host.js               0.46 kB │ gzip:   0.28 kB
ℹ dist/src/recording-stop-observation.js                                  0.46 kB │ gzip:   0.28 kB
ℹ dist/src/session-artifact-paths.js                                      0.46 kB │ gzip:   0.26 kB
ℹ dist/src/output-path.js                                                 0.46 kB │ gzip:   0.29 kB
ℹ dist/src/project-runtime.js                                             0.46 kB │ gzip:   0.28 kB
ℹ dist/src/session.js                                                     0.45 kB │ gzip:   0.29 kB
ℹ dist/src/perf-process-identity.js                                       0.44 kB │ gzip:   0.27 kB
ℹ dist/src/status-markers.js                                              0.43 kB │ gzip:   0.27 kB
ℹ dist/src/png-size.js                                                    0.41 kB │ gzip:   0.31 kB
ℹ dist/src/app-lifecycle3.js                                              0.40 kB │ gzip:   0.24 kB
ℹ dist/src/android-system-chrome.js                                       0.40 kB │ gzip:   0.26 kB
ℹ dist/src/byte-limit-stream.js                                           0.40 kB │ gzip:   0.28 kB
ℹ dist/src/logcat.js                                                      0.39 kB │ gzip:   0.29 kB
ℹ dist/src/viewport.js                                                    0.38 kB │ gzip:   0.28 kB
ℹ dist/src/scoped-provider.js                                             0.38 kB │ gzip:   0.25 kB
ℹ dist/src/screen-recording-options.js                                    0.38 kB │ gzip:   0.26 kB
ℹ dist/src/cli-output.js                                                  0.37 kB │ gzip:   0.25 kB
ℹ dist/src/recording-export-quality.js                                    0.37 kB │ gzip:   0.24 kB
ℹ dist/src/platform-runtime-screen-recording-web-host.js                  0.37 kB │ gzip:   0.23 kB
ℹ dist/src/catalog.js                                                     0.37 kB │ gzip:   0.24 kB
ℹ dist/src/command-metadata.js                                            0.36 kB │ gzip:   0.25 kB
ℹ dist/src/tool-provider-facade.js                                        0.34 kB │ gzip:   0.21 kB
ℹ dist/src/surface-snapshot.js                                            0.34 kB │ gzip:   0.25 kB
ℹ dist/src/keyed-lock.js                                                  0.34 kB │ gzip:   0.26 kB
ℹ dist/src/provider.js                                                    0.33 kB │ gzip:   0.20 kB
ℹ dist/src/perf-runtime.js                                                0.33 kB │ gzip:   0.18 kB
ℹ dist/src/process-exit.js                                                0.32 kB │ gzip:   0.23 kB
ℹ dist/src/simctl-facade.js                                               0.32 kB │ gzip:   0.24 kB
ℹ dist/src/app-resolution-facade.js                                       0.31 kB │ gzip:   0.21 kB
ℹ dist/src/webdriver-ios-snapshot.js                                      0.31 kB │ gzip:   0.23 kB
ℹ dist/src/path-resolution.js                                             0.30 kB │ gzip:   0.23 kB
ℹ dist/src/physical-device-apps.js                                        0.30 kB │ gzip:   0.18 kB
ℹ dist/src/artifact-paths.js                                              0.30 kB │ gzip:   0.19 kB
ℹ dist/src/runner-owner-facade.js                                         0.29 kB │ gzip:   0.21 kB
ℹ dist/src/success-text.js                                                0.29 kB │ gzip:   0.19 kB
ℹ dist/src/surface-snapshot2.js                                           0.29 kB │ gzip:   0.21 kB
ℹ dist/src/device-isolation.js                                            0.28 kB │ gzip:   0.21 kB
ℹ dist/src/string-enum.js                                                 0.27 kB │ gzip:   0.23 kB
ℹ dist/src/toolchain-probe.js                                             0.27 kB │ gzip:   0.22 kB
ℹ dist/src/format.js                                                      0.27 kB │ gzip:   0.20 kB
ℹ dist/src/platform-runtime-android-mechanics.js                          0.27 kB │ gzip:   0.20 kB
ℹ dist/src/command-surface.js                                             0.25 kB │ gzip:   0.19 kB
ℹ dist/src/prepare-kind.js                                                0.25 kB │ gzip:   0.21 kB
ℹ dist/src/touch-reference-frame.js                                       0.24 kB │ gzip:   0.18 kB
ℹ dist/src/session-paths.js                                               0.24 kB │ gzip:   0.19 kB
ℹ dist/src/color.js                                                       0.24 kB │ gzip:   0.18 kB
ℹ dist/src/bounds.js                                                      0.23 kB │ gzip:   0.17 kB
ℹ dist/src/app-inventory.js                                               0.23 kB │ gzip:   0.20 kB
ℹ dist/src/simulator-state.js                                             0.22 kB │ gzip:   0.20 kB
ℹ dist/src/config.js                                                      0.22 kB │ gzip:   0.15 kB
ℹ dist/src/macos-facade.js                                                0.22 kB │ gzip:   0.16 kB
ℹ dist/src/backend-snapshot-options.js                                    0.21 kB │ gzip:   0.18 kB
ℹ dist/src/startup-recovery-fence.js                                      0.21 kB │ gzip:   0.16 kB
ℹ dist/src/inventory4.js                                                  0.21 kB │ gzip:   0.18 kB
ℹ dist/src/device-release.js                                              0.21 kB │ gzip:   0.17 kB
ℹ dist/src/clipboard.js                                                   0.21 kB │ gzip:   0.15 kB
ℹ dist/src/shared.js                                                      0.21 kB │ gzip:   0.18 kB
ℹ dist/src/plist-xml.js                                                   0.20 kB │ gzip:   0.16 kB
ℹ dist/src/audio-probe-runtime.js                                         0.19 kB │ gzip:   0.14 kB
ℹ dist/src/process-entry.js                                               0.19 kB │ gzip:   0.16 kB
ℹ dist/src/interactor-types.js                                            0.18 kB │ gzip:   0.14 kB
ℹ dist/src/launch-console.js                                              0.18 kB │ gzip:   0.14 kB
ℹ dist/src/metro2.js                                                      0.17 kB │ gzip:   0.14 kB
ℹ dist/src/limrun-delta-sync-omitted.js                                   0.17 kB │ gzip:   0.15 kB
ℹ dist/src/request.js                                                     0.16 kB │ gzip:   0.15 kB
ℹ dist/src/providers.js                                                   0.16 kB │ gzip:   0.15 kB
ℹ dist/src/recording-scope.js                                             0.15 kB │ gzip:   0.13 kB
ℹ dist/src/simulator-facade.js                                            0.15 kB │ gzip:   0.12 kB
ℹ dist/src/deploy-result-target.js                                        0.15 kB │ gzip:   0.12 kB
ℹ dist/src/runner-owner-state.js                                          0.14 kB │ gzip:   0.12 kB
ℹ dist/src/alert-contract.js                                              0.13 kB │ gzip:   0.14 kB
ℹ dist/src/diagnostics2.js                                                0.13 kB │ gzip:   0.11 kB
ℹ dist/src/screenshot2.js                                                 0.13 kB │ gzip:   0.12 kB
ℹ dist/src/sdk-finders.js                                                 0.12 kB │ gzip:   0.13 kB
ℹ dist/src/inventory6.js                                                  0.11 kB │ gzip:   0.12 kB
ℹ dist/src/sdk-selectors.js                                               0.10 kB │ gzip:   0.12 kB
ℹ dist/src/keyboard-actions.js                                            0.10 kB │ gzip:   0.10 kB
ℹ dist/src/physical-device-facade.js                                      0.09 kB │ gzip:   0.10 kB
ℹ dist/src/json.js                                                        0.09 kB │ gzip:   0.11 kB
ℹ dist/src/provider-device-admission.js                                   0.09 kB │ gzip:   0.09 kB
ℹ dist/src/numeric.js                                                     0.08 kB │ gzip:   0.09 kB
ℹ dist/src/screen-recording-runtime.js                                    0.08 kB │ gzip:   0.09 kB
ℹ dist/src/timeouts.js                                                    0.07 kB │ gzip:   0.09 kB
ℹ dist/src/app-lifecycle-facade.js                                        0.06 kB │ gzip:   0.08 kB
ℹ dist/src/app-log-runtime.js                                             0.03 kB │ gzip:   0.05 kB
ℹ dist/src/app-inventory-contract.js                                      0.03 kB │ gzip:   0.05 kB
ℹ dist/src/gesture-plan-types.js                                          0.03 kB │ gzip:   0.05 kB
ℹ dist/src/intents-daemon.d.ts                                           34.96 kB │ gzip:  10.15 kB
ℹ dist/src/limrun.d.ts                                                    8.46 kB │ gzip:   2.15 kB
ℹ dist/src/index.d.ts                                                     8.13 kB │ gzip:   2.07 kB
ℹ dist/src/android-adb.d.ts                                               4.72 kB │ gzip:   1.26 kB
ℹ dist/src/metro.d.ts                                                     4.47 kB │ gzip:   1.24 kB
ℹ dist/src/ai-sdk.d.ts                                                    2.87 kB │ gzip:   1.34 kB
ℹ dist/src/internal/png-worker.d.ts                                       1.63 kB │ gzip:   0.59 kB
ℹ dist/src/io.d.ts                                                        0.63 kB │ gzip:   0.25 kB
ℹ dist/src/install-source.d.ts                                            0.58 kB │ gzip:   0.34 kB
ℹ dist/src/contracts.d.ts                                                 0.56 kB │ gzip:   0.26 kB
ℹ dist/src/artifacts.d.ts                                                 0.54 kB │ gzip:   0.25 kB
ℹ dist/src/selectors.d.ts                                                 0.50 kB │ gzip:   0.21 kB
ℹ dist/src/remote-config.d.ts                                             0.37 kB │ gzip:   0.18 kB
ℹ dist/src/finders.d.ts                                                   0.18 kB │ gzip:   0.13 kB
ℹ dist/src/internal/run-script-http-child.d.ts                            0.17 kB │ gzip:   0.14 kB
ℹ dist/src/batch.d.ts                                                     0.07 kB │ gzip:   0.08 kB
ℹ dist/src/internal/bin.d.ts                                              0.01 kB │ gzip:   0.03 kB
ℹ dist/src/internal/companion-tunnel.d.ts                                 0.01 kB │ gzip:   0.03 kB
ℹ dist/src/internal/daemon.d.ts                                           0.01 kB │ gzip:   0.03 kB
ℹ dist/src/internal/update-check-entry.d.ts                               0.01 kB │ gzip:   0.03 kB
ℹ dist/src/client-types.d.ts                                             78.02 kB │ gzip:  21.65 kB
ℹ dist/src/sdk-contracts.d.ts                                            31.08 kB │ gzip:  10.77 kB
ℹ dist/src/device-provider.d.ts                                          23.92 kB │ gzip:   7.38 kB
ℹ dist/src/sdk-selectors.d.ts                                            18.57 kB │ gzip:   6.46 kB
ℹ dist/src/cloud-artifacts.d.ts                                          17.86 kB │ gzip:   6.07 kB
ℹ dist/src/adb-transport.d.ts                                             8.24 kB │ gzip:   2.67 kB
ℹ dist/src/sdk-remote-config.d.ts                                         6.79 kB │ gzip:   2.32 kB
ℹ dist/src/sdk-io.d.ts                                                    2.30 kB │ gzip:   0.68 kB
ℹ dist/src/sdk-batch-runner.d.ts                                          2.29 kB │ gzip:   0.96 kB
ℹ dist/src/gesture-plan-types.d.ts                                        1.45 kB │ gzip:   0.54 kB
ℹ dist/src/device-input-state.d.ts                                        1.37 kB │ gzip:   0.49 kB
ℹ dist/src/sdk-finders.d.ts                                               1.11 kB │ gzip:   0.50 kB
ℹ dist/src/agent-device-client.d.ts                                       0.37 kB │ gzip:   0.20 kB
ℹ 475 files, total: 4.18 MB
✔ Build complete in 3169ms
