✔ C01 shared golden values preserve exact numbers and omission (14.178833ms)
✔ C01 bounds, unknown tags and keys (0.396042ms)
✔ C02 UTF8, sizes and method allowlist (0.450334ms)
✔ C03 reverse callbacks continue while a segment awaits (0.749375ms)
✔ C05 duplicate and conflicting operations, crash reopen (31.045166ms)
✔ journal handles reserved IDs, multiple owners and transient lock failure (64.496708ms)
✔ C02 RPC emits explicit null and rejects malformed callback response (0.534583ms)
✔ oversized completion cannot poison the persisted journal (36.393166ms)
✔ C01 Unicode limits use the same UTF-16 code units as Swift (0.278167ms)
✔ C01 native UI program golden shares strict schema and canonical payload digest (1.29675ms)
✔ exact button role only qualifies frozen label taps (0.502041ms)
✔ goal fill whitelist and required activity must refer to supplied values (0.563833ms)
✔ C01 explicit v2 and missing-version v1 share numeric-key and escaping goldens (0.802542ms)
✔ C01 digest version cannot use alternate hash or unsupported version spelling (3.136333ms)
✔ C01 prototype-name binding keys are preserved rather than silently removed by schema parsing (0.433042ms)
✔ real pinned worker maps capability-gated Mac viewport scroll through policy and fresh area (492.2085ms)
✔ real pinned gated e2e worker maps exact Mac tap and independent readback through the existing engine (413.065625ms)
✔ native admission denial cannot dispatch a Mac program capture or input (26.439583ms)
✔ changed Mac application instance never submits a program input (414.400917ms)
✔ unsupported fill or scroll is rejected before worker admission and before an earlier tap (0.823209ms)
✔ uncertain Mac program input cannot retry or produce a completed receipt (408.039583ms)
✔ goal requiring unsupported fill and a tampered payload fail capability or digest preflight (0.553375ms)
✔ a full two-minute Mac program preserves a supported per-action capture budget (409.93775ms)
✔ malformed typed outputs or extra receipt fields cannot become Mac program evidence (1.74275ms)
✔ real pinned worker replaces an approved public binding and observes a separate status (410.637417ms)
✔ public fill limits preflight before worker admission or an earlier tap (0.279167ms)
✔ role locators cannot authorize taps, readbacks or unsupported roles (0.245ms)
✔ unexpected prototype-name output is included in the exact-key rejection (0.148ms)
✔ completed private program is cached once and conflicting payload cannot redispatch (23.213625ms)
✔ failed private mutation remains dispatched and cannot retry (9.12425ms)
✔ concurrent program close shares cancellation and waits for pending completion (8.519333ms)
✔ unknown child drain remains negative even after operation rejection settles (7.717792ms)
✔ wrong program scope is refused before durable dispatch or executor work (0.460541ms)
✔ unproved child drain fences a different subsequent program as well as retry (8.506208ms)
✔ cached completed journal evidence still passes the typed selected-target boundary (2.728709ms)
✔ controller preflight uses the leased fill and scroll capabilities before durable dispatch (17.330167ms)
✔ digest version changes conflict under the same operation and reopened v1 replay stays cached (17.6445ms)
✔ reserved ordinary output IDs survive Mac normalization and completed cache replay (17.3165ms)
✔ owned worker imports only after admission and drains both output pipes (31.49775ms)
✔ denied worker admission never imports the UI runtime and reaps the child (24.557834ms)
✔ cancelled suspended admission cannot acknowledge or import a late grant (25.202083ms)
✔ cancellation after import drains and reaps the running owned child (29.266416ms)
✔ nonzero worker exit preserves the log and negative operation result (27.151167ms)
✔ excess worker output fails rather than producing a successful truncated log (25.634291ms)
✔ pre-cancelled worker cannot start or request native admission (0.627125ms)
✔ invalid UTF-8 expansion cannot bypass the rendered log bound (26.891708ms)
✔ split multibyte output preserves exact UTF-8 text (39.494167ms)
✔ real pinned e2e StepExecutor invokes scoped controller and grammar actions without a model account (660.549625ms)
✔ real pinned e2e CLI routes actions through adapter and broker (416.241416ms)
✔ broker preserves the remaining action budget instead of silently clipping it to 15 seconds (1.457209ms)
✔ broker refuses already-aborted actions and removes queued actions on cancellation (64.232917ms)
✔ public SDK viewport scroll is normalized without losing its action policy (661.180958ms)
✔ a pre-spawn setup failure closes the broker and lets its process exit (59.97175ms)
✔ real pinned runner obtains fresh app-bound property readback without invoking a model (401.111459ms)
✔ controller retains exact unique identified control across index and geometry churn (2709.039291ms)
✔ controller rejects generic relocation to a different anonymous same-role node (502.928291ms)
✔ pinned private targeted action patch respects action and remaining step deadlines (1.912292ms)
✔ broker retains mutation uncertainty on a submitted action timeout (101.289125ms)
✔ a real pinned controller action can complete beyond the upstream fifteen-second ceiling (16746.02625ms)
✔ real runner retains explicit backend mutation uncertainty across the broker without retry (502.488042ms)
✔ submitted actions cannot succeed from incomplete or contradictory broker responses (2.108917ms)
✔ real pinned runner preserves prototype-name and numeric operation receipts in a v2 segment (403.199209ms)
✔ opaque program sends only the exact scoped handle and returns unconfirmed delivery (2.396041ms)
✔ missing broker and aborted program never dispatch (0.750125ms)
✔ public text, extra handles, ambiguous declarations and observer input are denied before broker (0.697916ms)
✔ changed digest, scope, generation and correlated identity are denied (0.314959ms)
✔ lying, extra or credential-bearing native responses and errors stay sanitized (0.495459ms)
✔ cancellation retains uncooperative broker work and rejects its late completion (1.365334ms)
✔ special operation IDs retain own serialized receipts (0.136416ms)
✔ opaque numeric binding hash matches native lexical order while legacy hash stays unchanged (0.080167ms)
✔ deadline aborts broker signal and retains its work before rejecting late delivery (125.769708ms)
✔ opaque prototype-name binding is preserved with exact UUID-only admission (0.29925ms)
ℹ tests 72
ℹ suites 0
ℹ pass 72
ℹ fail 0
ℹ cancelled 0
ℹ skipped 0
ℹ todo 0
ℹ duration_ms 26814.5025
