Building for production...
[Planning deferred tasks]
[14 / 26]
[15 / 27] AgentDeviceMacOSInput
[23 / 63]
[28 / 63]
[33 / 63]
[35 / 63]
[40 / 63]
[44 / 63]
[47 / 63]
[50 / 63]
[51 / 63]
[52 / 63] AgentDeviceMacOSInput
[59 / 64] agent-device-macos-helper-product
[65 / 103]
[71 / 103]
[75 / 103]
[79 / 103]
[82 / 103]
[85 / 103]
[87 / 103]
[91 / 103]
[95 / 103]
[96 / 103]
[97 / 103]
[98 / 103]
[99 / 103] agent-device-macos-helper-product
[101 / 103] agent-device-macos-helper-product
[102 / 103] agent-device-macos-helper-product
Build complete! (37.91 secs)
