2026-10-07 23:19:21.664 xcodebuild[35038:1281692]  DVTFilePathFSEvents: Failed to start fs event stream.
2026-10-07 23:19:21.840 xcodebuild[35038:1281691] [MT] DVTDeveloperPaths: Failed to get length of DARWIN_USER_CACHE_DIR from confstr(3), error = Error Domain=NSPOSIXErrorDomain Code=5 "Input/output error". Using NSCachesDirectory instead.
2026-10-07 23:19:22.139 xcodebuild[35038:1281693] CoreSimulatorService connection became invalid.  Simulator services will no longer be available.
2026-10-07 23:19:22.140 xcodebuild[35038:1281730] Logging connecton invalid: <OS_xpc_error: <dictionary: 0x1f0efa2b0> { count = 1, transaction: 0, voucher = 0x0, contents =
	"XPCErrorDescription" => <string: 0x1f0efa3f0> { string cache = 0x0, length = 18, contents = "Connection invalid" }
}>
2026-10-07 23:19:22.140 xcodebuild[35038:1281730] Error opening log file (/Users/coryparry/Library/Logs/CoreSimulator/CoreSimulator.com.apple.dt.xcodebuild.log): Operation not permitted
[-[SimServiceContext sendRequest:]:1961] ERROR : Unable to deliver request ({
    "developer_dir" = "/Applications/Xcode.app/Contents/Developer";
    request = "set_developer_dir";
}) because we are not connected to CoreSimulatorService.
Command line invocation:
    /Applications/Xcode.app/Contents/Developer/usr/bin/xcodebuild -project FoundationEvals/FoundationEvals.xcodeproj -scheme FoundationEvals -configuration Debug -destination platform=macOS -derivedDataPath /private/tmp/intents-automation-native-saved-build1 -jobs 2 -disableAutomaticPackageResolution CODE_SIGNING_ALLOWED=NO build

Build settings from command line:
    CODE_SIGNING_ALLOWED = NO

2026-10-07 23:19:22.226 xcodebuild[35038:1281691] [MT] DVTAssertions: Warning in DVTFrameworks/DVTFoundation/FileTypes/DVTFileDataTypeDetection.m:80
Details:  detectedTypeIdentifier (com.apple.xml-property-list) does not conform to matchedTypeIdentifier in MagicFileDataTypeDetector extenson com.apple.property-list. When both are specified, this conformance is required unless overridden by setting allowNonInheritance. extension.identifier:Xcode.MagicFileDataTypeDetector.XMLPlist
Object:   <DVTFileDataTypeDetectionMagicCache: 0x79b5b9fbd0>
Method:   -initWithExtension:
Thread:   <_NSMainThread: 0x1011316f0>{number = 1, name = main}
Please file a bug at https://feedbackassistant.apple.com with this warning message and any useful information you can provide.
2026-10-07 23:19:22.227 xcodebuild[35038:1281691] [MT] DVTAssertions: Warning in DVTFrameworks/DVTFoundation/FileTypes/DVTFileDataTypeDetection.m:80
Details:  detectedTypeIdentifier (com.apple.binary-property-list) does not conform to matchedTypeIdentifier in MagicFileDataTypeDetector extenson com.apple.property-list. When both are specified, this conformance is required unless overridden by setting allowNonInheritance. extension.identifier:Xcode.MagicFileDataTypeDetector.BinaryPlist
Object:   <DVTFileDataTypeDetectionMagicCache: 0x79b5b9fbd0>
Method:   -initWithExtension:
Thread:   <_NSMainThread: 0x1011316f0>{number = 1, name = main}
Please file a bug at https://feedbackassistant.apple.com with this warning message and any useful information you can provide.
[-[SimServiceContext initWithDeveloperDir:connectionType:error:]:499] WARN  : Unable to discover any Simulator runtimes. Developer Directory is /Applications/Xcode.app/Contents/Developer.
[-[SimDiskImageManager init]:175] ERROR : Could not kickstart simdiskimaged; SimDiskImageManager services will not be available: Error Domain=NSPOSIXErrorDomain Code=53 "Software caused connection abort" UserInfo={NSLocalizedDescription=Error returned in reply from CoreSimulatorService: Connection invalid}
[-[SimDiskImageManager _onQueue_checkConnection:]:219] ERROR : simdiskimaged connection is currently unavailable because connection became invalid
[-[SimDiskImageManager _onQueue_checkConnection:]:239] ERROR : simdiskimaged returned error (invalid), marking disconnected.
[-[SimServiceContext initWithDeveloperDir:connectionType:error:]_block_invoke:556] ERROR : Could not get list of trusted mount directories: Error Domain=com.apple.CoreSimulator.SimError Code=409 "Cannot talk to the service used to manage runtime disk images (simdiskimaged) because its launchd job is not registered or was unloaded" UserInfo={NSLocalizedDescription=Cannot talk to the service used to manage runtime disk images (simdiskimaged) because its launchd job is not registered or was unloaded}
[-[SimServiceContext sendRequest:reply:error:]:1982] ERROR : Unable to deliver request ({
    request = "notification_subscription";
    "set_path" = "/Users/coryparry/Library/Developer/CoreSimulator/Devices";
}) because we are not connected to CoreSimulatorService.
2026-10-07 23:19:22.261 xcodebuild[35038:1281692] Error Domain=NSPOSIXErrorDomain Code=61 "Connection refused" UserInfo={NSLocalizedDescription=CoreSimulatorService connection became invalid.  Simulator services will no longer be available.}
[-[SimServiceContext sendRequest:reply:error:]:1982] ERROR : Unable to deliver request ({
    request = "notification_subscription";
    "set_path" = "/Users/coryparry/Library/Developer/CoreSimulator/Devices";
}) because we are not connected to CoreSimulatorService.
2026-10-07 23:19:22.261 xcodebuild[35038:1281731] Error Domain=NSPOSIXErrorDomain Code=61 "Connection refused" UserInfo={NSLocalizedDescription=CoreSimulatorService connection became invalid.  Simulator services will no longer be available.}
2026-10-07 23:19:22.261 xcodebuild[35038:1281692]  IDESimulatorAvailability: startObservingSimulatorUpdates() FAILED to register SimDeviceSet observer
2026-10-07 23:19:22.261 xcodebuild[35038:1281731]  iOSSimulator: [SimServiceContext defaultDeviceSetWithError:] returned nil (Error Domain=NSPOSIXErrorDomain Code=61 "Connection refused" UserInfo={NSLocalizedFailureReason=Failed to subscribe to notifications from CoreSimulatorService., NSLocalizedDescription=Failed to initialize simulator device set., NSUnderlyingError=0x79b5b419e0 {Error Domain=NSPOSIXErrorDomain Code=61 "Connection refused" UserInfo={NSLocalizedDescription=CoreSimulatorService connection became invalid.  Simulator services will no longer be available.}}}). Simulator device support disabled.
2026-10-07 23:19:22.341 xcodebuild[35038:1281734]  DVTProvisioningProfileManager: Failed to load profile "/Users/coryparry/Library/Developer/Xcode/UserData/Provisioning Profiles/b80f73cf-c0d4-4fbb-ac59-1a0c5806c323.mobileprovision" (Error Domain=DVTProvisioningProfileProviderErrorDomain Code=1 "Failed to load profile." UserInfo={NSLocalizedDescription=Failed to load profile., NSLocalizedRecoverySuggestion=Profile is missing the required UUID property.})
2026-10-07 23:19:22.341 xcodebuild[35038:1281692]  DVTProvisioningProfileManager: Failed to load profile "/Users/coryparry/Library/Developer/Xcode/UserData/Provisioning Profiles/0c3bd719-3421-4939-9847-fa26b82daa12.mobileprovision" (Error Domain=DVTProvisioningProfileProviderErrorDomain Code=1 "Failed to load profile." UserInfo={NSLocalizedDescription=Failed to load profile., NSLocalizedRecoverySuggestion=Profile is missing the required UUID property.})
2026-10-07 23:19:22.341 xcodebuild[35038:1281736]  DVTProvisioningProfileManager: Failed to load profile "/Users/coryparry/Library/Developer/Xcode/UserData/Provisioning Profiles/e8bce979-41a2-4025-bda3-6560bc6d37dc.mobileprovision" (Error Domain=DVTProvisioningProfileProviderErrorDomain Code=1 "Failed to load profile." UserInfo={NSLocalizedDescription=Failed to load profile., NSLocalizedRecoverySuggestion=Profile is missing the required UUID property.})
2026-10-07 23:19:22.341 xcodebuild[35038:1281693]  DVTProvisioningProfileManager: Failed to load profile "/Users/coryparry/Library/Developer/Xcode/UserData/Provisioning Profiles/70382c9d-8ed9-472b-b5b1-fa424cd7bffb.mobileprovision" (Error Domain=DVTProvisioningProfileProviderErrorDomain Code=1 "Failed to load profile." UserInfo={NSLocalizedDescription=Failed to load profile., NSLocalizedRecoverySuggestion=Profile is missing the required UUID property.})
2026-10-07 23:19:22.341 xcodebuild[35038:1281767]  DVTProvisioningProfileManager: Failed to load profile "/Users/coryparry/Library/Developer/Xcode/UserData/Provisioning Profiles/00f988f1-b0d7-4528-be3d-40ee6c518cf4.mobileprovision" (Error Domain=DVTProvisioningProfileProviderErrorDomain Code=1 "Failed to load profile." UserInfo={NSLocalizedDescription=Failed to load profile., NSLocalizedRecoverySuggestion=Profile is missing the required UUID property.})
2026-10-07 23:19:22.341 xcodebuild[35038:1281730]  DVTProvisioningProfileManager: Failed to load profile "/Users/coryparry/Library/Developer/Xcode/UserData/Provisioning Profiles/ce3b401d-6460-4579-917d-f41cb85a4b99.mobileprovision" (Error Domain=DVTProvisioningProfileProviderErrorDomain Code=1 "Failed to load profile." UserInfo={NSLocalizedDescription=Failed to load profile., NSLocalizedRecoverySuggestion=Profile is missing the required UUID property.})
2026-10-07 23:19:22.343 xcodebuild[35038:1281766]  DVTProvisioningProfileManager: Failed to load profile "/Users/coryparry/Library/Developer/Xcode/UserData/Provisioning Profiles/a12c5d25-117a-4841-92f2-c8ba8a3a29d2.mobileprovision" (Error Domain=DVTProvisioningProfileProviderErrorDomain Code=1 "Failed to load profile." UserInfo={NSLocalizedDescription=Failed to load profile., NSLocalizedRecoverySuggestion=Profile is missing the required UUID property.})
2026-10-07 23:19:22.343 xcodebuild[35038:1281733]  DVTProvisioningProfileManager: Failed to load profile "/Users/coryparry/Library/Developer/Xcode/UserData/Provisioning Profiles/cc0f12a6-a539-4646-aee6-526a5837d59f.mobileprovision" (Error Domain=DVTProvisioningProfileProviderErrorDomain Code=1 "Failed to load profile." UserInfo={NSLocalizedDescription=Failed to load profile., NSLocalizedRecoverySuggestion=Profile is missing the required UUID property.})
2026-10-07 23:19:22.343 xcodebuild[35038:1281759]  DVTProvisioningProfileManager: Failed to load profile "/Users/coryparry/Library/Developer/Xcode/UserData/Provisioning Profiles/2f71416c-9807-423a-a2e9-cea6e9548908.mobileprovision" (Error Domain=DVTProvisioningProfileProviderErrorDomain Code=1 "Failed to load profile." UserInfo={NSLocalizedDescription=Failed to load profile., NSLocalizedRecoverySuggestion=Profile is missing the required UUID property.})
2026-10-07 23:19:22.344 xcodebuild[35038:1281736]  DVTProvisioningProfileManager: Failed to load profile "/Users/coryparry/Library/Developer/Xcode/UserData/Provisioning Profiles/ccd83354-68aa-4a18-8dc8-863f36d7001e.mobileprovision" (Error Domain=DVTProvisioningProfileProviderErrorDomain Code=1 "Failed to load profile." UserInfo={NSLocalizedDescription=Failed to load profile., NSLocalizedRecoverySuggestion=Profile is missing the required UUID property.})
2026-10-07 23:19:22.344 xcodebuild[35038:1281734]  DVTProvisioningProfileManager: Failed to load profile "/Users/coryparry/Library/Developer/Xcode/UserData/Provisioning Profiles/07da202c-63b6-4c0d-8747-d44711433c53.mobileprovision" (Error Domain=DVTProvisioningProfileProviderErrorDomain Code=1 "Failed to load profile." UserInfo={NSLocalizedDescription=Failed to load profile., NSLocalizedRecoverySuggestion=Profile is missing the required UUID property.})
2026-10-07 23:19:22.344 xcodebuild[35038:1281730]  DVTProvisioningProfileManager: Failed to load profile "/Users/coryparry/Library/Developer/Xcode/UserData/Provisioning Profiles/c52cfcba-ea6e-4a76-9ea1-3138209e658a.mobileprovision" (Error Domain=DVTProvisioningProfileProviderErrorDomain Code=1 "Failed to load profile." UserInfo={NSLocalizedDescription=Failed to load profile., NSLocalizedRecoverySuggestion=Profile is missing the required UUID property.})
2026-10-07 23:19:22.344 xcodebuild[35038:1281693]  DVTProvisioningProfileManager: Failed to load profile "/Users/coryparry/Library/Developer/Xcode/UserData/Provisioning Profiles/5edda297-63a6-40d0-ab3d-7ab1e3d8efbf.mobileprovision" (Error Domain=DVTProvisioningProfileProviderErrorDomain Code=1 "Failed to load profile." UserInfo={NSLocalizedDescription=Failed to load profile., NSLocalizedRecoverySuggestion=Profile is missing the required UUID property.})
2026-10-07 23:19:22.345 xcodebuild[35038:1281692]  DVTProvisioningProfileManager: Failed to load profile "/Users/coryparry/Library/Developer/Xcode/UserData/Provisioning Profiles/a6ceaa68-1823-461b-8200-dc0aa435fd4e.mobileprovision" (Error Domain=DVTProvisioningProfileProviderErrorDomain Code=1 "Failed to load profile." UserInfo={NSLocalizedDescription=Failed to load profile., NSLocalizedRecoverySuggestion=Profile is missing the required UUID property.})
Resolve Package Graph

Package: sparkle

Package: hummingbird

Package: intents

Package: posthog-ios

Package: coreai-models

Package: unknown

2026-10-07 23:19:22.608 xcodebuild[35038:1281691] Writing error result bundle to /var/folders/tw/tpfkxv257xv_r2jhydgkbdt00000gn/T/ResultBundle_2026-07-10_11-19-0022 pm.xcresult
xcodebuild: error: Could not resolve package dependencies:
  <unknown>:0: error: error opening '/Users/coryparry/.cache/clang/ModuleCache/Swift-7JL1KBZ3A6V3.swiftmodule' for output: /Users/coryparry/.cache/clang/ModuleCache/Swift-7JL1KBZ3A6V3.swiftmodule: Operation not permitted
<unknown>:0: error: unable to load standard library for target 'arm64-apple-macos14.0'
<unknown>:0: error: cannot open file '/Users/coryparry/Library/Caches/org.swift.swiftpm/manifests/ManifestLoading/sparkle.dia' for diagnostics emission (Operation not permitted)
  <unknown>:0: error: error opening '/Users/coryparry/.cache/clang/ModuleCache/Swift-7JL1KBZ3A6V3.swiftmodule' for output: /Users/coryparry/.cache/clang/ModuleCache/Swift-7JL1KBZ3A6V3.swiftmodule: Operation not permitted
<unknown>:0: error: unable to load standard library for target 'arm64-apple-macos14.0'
<unknown>:0: error: cannot open file '/Users/coryparry/Library/Caches/org.swift.swiftpm/manifests/ManifestLoading/hummingbird.dia' for diagnostics emission (Operation not permitted)
  <unknown>:0: error: error opening '/Users/coryparry/.cache/clang/ModuleCache/Swift-7JL1KBZ3A6V3.swiftmodule' for output: /Users/coryparry/.cache/clang/ModuleCache/Swift-7JL1KBZ3A6V3.swiftmodule: Operation not permitted
<unknown>:0: error: unable to load standard library for target 'arm64-apple-macos14.0'
<unknown>:0: error: cannot open file '/Users/coryparry/Library/Caches/org.swift.swiftpm/manifests/ManifestLoading/intents.dia' for diagnostics emission (Operation not permitted)
  <unknown>:0: error: error opening '/Users/coryparry/.cache/clang/ModuleCache/Swift-7JL1KBZ3A6V3.swiftmodule' for output: /Users/coryparry/.cache/clang/ModuleCache/Swift-7JL1KBZ3A6V3.swiftmodule: Operation not permitted
<unknown>:0: error: unable to load standard library for target 'arm64-apple-macos14.0'
<unknown>:0: error: cannot open file '/Users/coryparry/Library/Caches/org.swift.swiftpm/manifests/ManifestLoading/posthog-ios.dia' for diagnostics emission (Operation not permitted)
  <unknown>:0: error: error opening '/Users/coryparry/.cache/clang/ModuleCache/Swift-7JL1KBZ3A6V3.swiftmodule' for output: /Users/coryparry/.cache/clang/ModuleCache/Swift-7JL1KBZ3A6V3.swiftmodule: Operation not permitted
<unknown>:0: error: unable to load standard library for target 'arm64-apple-macos14.0'
<unknown>:0: error: cannot open file '/Users/coryparry/Library/Caches/org.swift.swiftpm/manifests/ManifestLoading/coreai-models.dia' for diagnostics emission (Operation not permitted)
  <unknown>:0: error: error opening '/Users/coryparry/.cache/clang/ModuleCache/Swift-7JL1KBZ3A6V3.swiftmodule' for output: /Users/coryparry/.cache/clang/ModuleCache/Swift-7JL1KBZ3A6V3.swiftmodule: Operation not permitted
<unknown>:0: error: unable to load standard library for target 'arm64-apple-macos14.0'
<unknown>:0: error: cannot open file '/Users/coryparry/Library/Caches/org.swift.swiftpm/manifests/ManifestLoading/sparkle.dia' for diagnostics emission (Operation not permitted)
