warning: 'intents': found 28 file(s) which are unhandled; explicitly declare them as resources or exclude from the target
    /Users/coryparry/Developer/Projects/Intents/FoundationEvals/FoundationEvalsTests/AttachmentStorageDirectorySafetyTests.swift
    /Users/coryparry/Developer/Projects/Intents/FoundationEvals/FoundationEvalsTests/AutomationMCPTests.swift
    /Users/coryparry/Developer/Projects/Intents/FoundationEvals/FoundationEvalsTests/CaseImportBoundedReadTests.swift
    /Users/coryparry/Developer/Projects/Intents/FoundationEvals/FoundationEvalsTests/DeveloperRunPresentationTests.swift
    /Users/coryparry/Developer/Projects/Intents/FoundationEvals/FoundationEvalsTests/EditorPerformanceTests.swift
    /Users/coryparry/Developer/Projects/Intents/FoundationEvals/FoundationEvalsTests/EvaluationCompatibleJudgeClientTests.swift
    /Users/coryparry/Developer/Projects/Intents/FoundationEvals/FoundationEvalsTests/EvaluationDevelopmentWorkflowTests.swift
    /Users/coryparry/Developer/Projects/Intents/FoundationEvals/FoundationEvalsTests/EvaluationExperimentRunnerFatalStopTests.swift
    /Users/coryparry/Developer/Projects/Intents/FoundationEvals/FoundationEvalsTests/EvaluationJudgeIntegrityTests.swift
    /Users/coryparry/Developer/Projects/Intents/FoundationEvals/FoundationEvalsTests/EvaluationWorkspaceRepairTests.swift
    /Users/coryparry/Developer/Projects/Intents/FoundationEvals/FoundationEvalsTests/EvaluationWorkspaceStateMigrationTests.swift
    /Users/coryparry/Developer/Projects/Intents/FoundationEvals/FoundationEvalsTests/ExternalJudgeFailureTraceTests.swift
    /Users/coryparry/Developer/Projects/Intents/FoundationEvals/FoundationEvalsTests/IntentLabArrayInputTests.swift
    /Users/coryparry/Developer/Projects/Intents/FoundationEvals/FoundationEvalsTests/IntentLabRegressionTests.swift
    /Users/coryparry/Developer/Projects/Intents/FoundationEvals/FoundationEvalsTests/JudgmentCorrectionPersistenceTests.swift
    /Users/coryparry/Developer/Projects/Intents/FoundationEvals/FoundationEvalsTests/PromptTextEditorTests.swift
    /Users/coryparry/Developer/Projects/Intents/FoundationEvals/FoundationEvalsTests/QuickActionsPillViewModelTests.swift
    /Users/coryparry/Developer/Projects/Intents/FoundationEvals/FoundationEvalsTests/ReferenceSharedAdmissionTests.swift
    /Users/coryparry/Developer/Projects/Intents/FoundationEvals/FoundationEvalsTests/ResultPresentationTests.swift
    /Users/coryparry/Developer/Projects/Intents/FoundationEvals/FoundationEvalsTests/ScenarioAcceptanceTests.swift
    /Users/coryparry/Developer/Projects/Intents/FoundationEvals/FoundationEvalsTests/ScoringAttributionTests.swift
    /Users/coryparry/Developer/Projects/Intents/FoundationEvals/FoundationEvalsTests/SelectedAssessmentCoverageTests.swift
    /Users/coryparry/Developer/Projects/Intents/FoundationEvals/FoundationEvalsTests/StructuredFeatureEvidenceTests.swift
    /Users/coryparry/Developer/Projects/Intents/FoundationEvals/FoundationEvalsTests/SubjectEvidenceCompletenessTests.swift
    /Users/coryparry/Developer/Projects/Intents/FoundationEvals/FoundationEvalsTests/SuiteRunActionTests.swift
    /Users/coryparry/Developer/Projects/Intents/FoundationEvals/FoundationEvalsTests/UISnapshotTests.swift
    /Users/coryparry/Developer/Projects/Intents/FoundationEvals/FoundationEvalsTests/WorkspacePresentationTests.swift
    /Users/coryparry/Developer/Projects/Intents/FoundationEvals/FoundationEvalsTests/WorkspaceResetTests.swift
warning: 'intents': found 8 file(s) which are unhandled; explicitly declare them as resources or exclude from the target
    /Users/coryparry/Developer/Projects/Intents/FoundationEvals/FoundationEvals/Views/Components/EditorSection.swift
    /Users/coryparry/Developer/Projects/Intents/FoundationEvals/FoundationEvals/Views/Components/PromptQuickActionsSection.swift
    /Users/coryparry/Developer/Projects/Intents/FoundationEvals/FoundationEvals/Views/Components/QuickActionsPill.swift
    /Users/coryparry/Developer/Projects/Intents/FoundationEvals/FoundationEvals/Views/Components/QuickActionsPillMotion.swift
    /Users/coryparry/Developer/Projects/Intents/FoundationEvals/FoundationEvals/Views/Components/QuickActionsPillPhaseLayout.swift
    /Users/coryparry/Developer/Projects/Intents/FoundationEvals/FoundationEvals/Views/Components/WorkspaceIcon.swift
    /Users/coryparry/Developer/Projects/Intents/FoundationEvals/FoundationEvals/Views/Components/WorkspacePaneLayout.swift
    /Users/coryparry/Developer/Projects/Intents/FoundationEvals/FoundationEvals/Views/Components/WorkspaceStyle.swift
warning: 'intents': found 19 file(s) which are unhandled; explicitly declare them as resources or exclude from the target
    /Users/coryparry/Developer/Projects/Intents/FoundationEvals/FoundationEvals/Models/DevelopmentWorkflowModels.swift
    /Users/coryparry/Developer/Projects/Intents/FoundationEvals/FoundationEvals/Models/WorkspacePresentation.swift
    /Users/coryparry/Developer/Projects/Intents/FoundationEvals/FoundationEvals/Services/EvaluationCaseImporter.swift
    /Users/coryparry/Developer/Projects/Intents/FoundationEvals/FoundationEvals/Services/EvaluationCompatibleJudgeClient.swift
    /Users/coryparry/Developer/Projects/Intents/FoundationEvals/FoundationEvals/Services/EvaluationCompatibleJudgeResponse.swift
    /Users/coryparry/Developer/Projects/Intents/FoundationEvals/FoundationEvals/Services/EvaluationDeveloperFeatureAdapter.swift
    /Users/coryparry/Developer/Projects/Intents/FoundationEvals/FoundationEvals/Services/EvaluationDevelopmentAnalysis.swift
    /Users/coryparry/Developer/Projects/Intents/FoundationEvals/FoundationEvals/Services/EvaluationExperimentRunner.swift
    /Users/coryparry/Developer/Projects/Intents/FoundationEvals/FoundationEvals/Services/EvaluationFeatureAdapter.swift
    /Users/coryparry/Developer/Projects/Intents/FoundationEvals/FoundationEvals/Services/EvaluationReassessmentService.swift
    /Users/coryparry/Developer/Projects/Intents/FoundationEvals/FoundationEvals/Services/EvaluationStarterPacks.swift
    /Users/coryparry/Developer/Projects/Intents/FoundationEvals/FoundationEvals/Services/EvaluationWorkspacePersistence.swift
    /Users/coryparry/Developer/Projects/Intents/FoundationEvals/FoundationEvals/Services/ModelContextSizeCache.swift
    /Users/coryparry/Developer/Projects/Intents/FoundationEvals/FoundationEvals/Services/QuickActionsRewriteService.swift
    /Users/coryparry/Developer/Projects/Intents/FoundationEvals/FoundationEvals/Services/ScenarioCoordinator.swift
    /Users/coryparry/Developer/Projects/Intents/FoundationEvals/FoundationEvals/Services/ScenarioFeatureEvidence.swift
    /Users/coryparry/Developer/Projects/Intents/FoundationEvals/FoundationEvals/Services/ScenarioResponseAssessmentService.swift
    /Users/coryparry/Developer/Projects/Intents/FoundationEvals/FoundationEvals/Services/ScenarioSuggestionService.swift
    /Users/coryparry/Developer/Projects/Intents/FoundationEvals/FoundationEvals/Services/WorkspaceOverviewLoader.swift
Building for debugging...
[Computing dependencies]
[2 / 37] IntentsAutomationCore
[4 / 39] IntentsAutomationCore
[11 / 30] IntentsAutomationOwnershipProbe-product
[13 / 30] IntentsAutomationHostContractTests-product
[17 / 31] IntentsAutomationApplicationProbe-product
[18 / 31] IntentsAutomationPreparationProbe-product
[25 / 33] IntentsAutomationControllerProbe-product
[29 / 34] IntentsAutomationCoreTests-product
[31 / 36] IntentsAutomationCoreTests-product
[37 / 41] IntentsAutomationCoreTests-product
[44 / 44] IntentsAutomationApplicationProbe-product
Build complete! (3.20 secs)
Test Suite 'Selected tests' started at 2026-10-07 8:10:15.497 pm.
Test Suite 'IntentsAutomationNativeUITests.xctest' started at 2026-10-07 8:10:15.498 pm.
Test Suite 'IntentsAutomationNativeUITests.xctest' passed at 2026-10-07 8:10:15.498 pm.
	 Executed 0 tests, with 0 failures (0 unexpected) in 0.000 (0.000) seconds
Test Suite 'Selected tests' passed at 2026-10-07 8:10:15.498 pm.
	 Executed 0 tests, with 0 failures (0 unexpected) in 0.000 (0.001) seconds
Test Suite 'Selected tests' started at 2026-10-07 8:10:15.561 pm.
Test Suite 'IntentsAutomationHostContractTests.xctest' started at 2026-10-07 8:10:15.562 pm.
Test Suite 'IntentsAutomationHostContractTests.xctest' passed at 2026-10-07 8:10:15.562 pm.
	 Executed 0 tests, with 0 failures (0 unexpected) in 0.000 (0.000) seconds
Test Suite 'Selected tests' passed at 2026-10-07 8:10:15.562 pm.
	 Executed 0 tests, with 0 failures (0 unexpected) in 0.000 (0.001) seconds
Test Suite 'Selected tests' started at 2026-10-07 8:10:15.611 pm.
Test Suite 'IntentsAutomationCoreTests.xctest' started at 2026-10-07 8:10:15.611 pm.
Test Suite 'AutomationBuildPlatformTests' started at 2026-10-07 8:10:15.611 pm.
Test Case '-[IntentsAutomationCoreTests.AutomationBuildPlatformTests testActualResolvedSDKAndSupportedSimulatorAreRecorded]' started.
Test Case '-[IntentsAutomationCoreTests.AutomationBuildPlatformTests testActualResolvedSDKAndSupportedSimulatorAreRecorded]' passed (0.001 seconds).
Test Case '-[IntentsAutomationCoreTests.AutomationBuildPlatformTests testAmbiguousMissingAndInconsistentSDKSettingsFailClosed]' started.
Test Case '-[IntentsAutomationCoreTests.AutomationBuildPlatformTests testAmbiguousMissingAndInconsistentSDKSettingsFailClosed]' passed (0.001 seconds).
Test Case '-[IntentsAutomationCoreTests.AutomationBuildPlatformTests testForeignProjectTargetAndConfigurationCannotSupplyPlatform]' started.
Test Case '-[IntentsAutomationCoreTests.AutomationBuildPlatformTests testForeignProjectTargetAndConfigurationCannotSupplyPlatform]' passed (0.000 seconds).
Test Case '-[IntentsAutomationCoreTests.AutomationBuildPlatformTests testMacTargetRequiresExactResolvedNativePlatform]' started.
Test Case '-[IntentsAutomationCoreTests.AutomationBuildPlatformTests testMacTargetRequiresExactResolvedNativePlatform]' passed (0.000 seconds).
Test Case '-[IntentsAutomationCoreTests.AutomationBuildPlatformTests testSDKTempAliasMustResolveToTheSameActualFrozenProject]' started.
Test Case '-[IntentsAutomationCoreTests.AutomationBuildPlatformTests testSDKTempAliasMustResolveToTheSameActualFrozenProject]' passed (0.001 seconds).
Test Suite 'AutomationBuildPlatformTests' passed at 2026-10-07 8:10:15.614 pm.
	 Executed 5 tests, with 0 failures (0 unexpected) in 0.003 (0.003) seconds
Test Suite 'AutomationGeneratorTests' started at 2026-10-07 8:10:15.614 pm.
Test Case '-[IntentsAutomationCoreTests.AutomationGeneratorTests testAbsoluteLiveSourceIsRebasedAndExternalRelativeReferencesAreRejected]' started.
Test Case '-[IntentsAutomationCoreTests.AutomationGeneratorTests testAbsoluteLiveSourceIsRebasedAndExternalRelativeReferencesAreRejected]' passed (0.001 seconds).
Test Case '-[IntentsAutomationCoreTests.AutomationGeneratorTests testAssociatedHostIsGeneratedOnlyInSnapshotWithActualConfiguration]' started.
Test Case '-[IntentsAutomationCoreTests.AutomationGeneratorTests testAssociatedHostIsGeneratedOnlyInSnapshotWithActualConfiguration]' passed (0.006 seconds).
Test Suite 'AutomationGeneratorTests' passed at 2026-10-07 8:10:15.622 pm.
	 Executed 2 tests, with 0 failures (0 unexpected) in 0.008 (0.008) seconds
Test Suite 'AutomationHostTests' started at 2026-10-07 8:10:15.622 pm.
Test Case '-[IntentsAutomationCoreTests.AutomationHostTests testApplePayloadIsTypedDataAndUnknownSettersNeverDispatch]' started.
Test Case '-[IntentsAutomationCoreTests.AutomationHostTests testApplePayloadIsTypedDataAndUnknownSettersNeverDispatch]' passed (0.002 seconds).
Test Case '-[IntentsAutomationCoreTests.AutomationHostTests testCorrelatedCompletedReceiptDoesNotAcceptWrongScopeOrDuplicateOperations]' started.
Test Case '-[IntentsAutomationCoreTests.AutomationHostTests testCorrelatedCompletedReceiptDoesNotAcceptWrongScopeOrDuplicateOperations]' passed (0.001 seconds).
Test Case '-[IntentsAutomationCoreTests.AutomationHostTests testDigestVersionIsCorrelatedInPayloadAndReceiptWithoutChangingOldWireShape]' started.
Test Case '-[IntentsAutomationCoreTests.AutomationHostTests testDigestVersionIsCorrelatedInPayloadAndReceiptWithoutChangingOldWireShape]' passed (0.001 seconds).
Test Case '-[IntentsAutomationCoreTests.AutomationHostTests testHostFileFreezesTheCurrentLeaseAndRejectsAdditionalTargets]' started.
Test Case '-[IntentsAutomationCoreTests.AutomationHostTests testHostFileFreezesTheCurrentLeaseAndRejectsAdditionalTargets]' passed (0.001 seconds).
Test Suite 'AutomationHostTests' passed at 2026-10-07 8:10:15.626 pm.
	 Executed 4 tests, with 0 failures (0 unexpected) in 0.004 (0.004) seconds
Test Suite 'AutomationMacHostGeneratorTests' started at 2026-10-07 8:10:15.626 pm.
Test Case '-[IntentsAutomationCoreTests.AutomationMacHostGeneratorTests testResolvedMacHostRetainsSubjectAndHasNativeSettings]' started.
Test Case '-[IntentsAutomationCoreTests.AutomationMacHostGeneratorTests testResolvedMacHostRetainsSubjectAndHasNativeSettings]' passed (0.007 seconds).
Test Suite 'AutomationMacHostGeneratorTests' passed at 2026-10-07 8:10:15.633 pm.
	 Executed 1 test, with 0 failures (0 unexpected) in 0.007 (0.007) seconds
Test Suite 'AutomationMacHostPreparationTests' started at 2026-10-07 8:10:15.633 pm.
Test Case '-[IntentsAutomationCoreTests.AutomationMacHostPreparationTests testExplicitActualMacPreparationBuildsWithoutLaunching]' started.
/Users/coryparry/Developer/Projects/Intents/Sources/IntentsAutomationCore/AutomationPreparation.swift:116: error: -[IntentsAutomationCoreTests.AutomationMacHostPreparationTests testExplicitActualMacPreparationBuildsWithoutLaunching] : failed: caught error: "missingEvidence("Xcode resolved a different or incomplete app target")"
Test Case '-[IntentsAutomationCoreTests.AutomationMacHostPreparationTests testExplicitActualMacPreparationBuildsWithoutLaunching]' failed (1.466 seconds).
Test Case '-[IntentsAutomationCoreTests.AutomationMacHostPreparationTests testMacLayoutAndVersionedFrameworkDigestRoundTrip]' started.
Test Case '-[IntentsAutomationCoreTests.AutomationMacHostPreparationTests testMacLayoutAndVersionedFrameworkDigestRoundTrip]' passed (0.007 seconds).
Test Case '-[IntentsAutomationCoreTests.AutomationMacHostPreparationTests testMacLayoutCannotReplaceIOSLayoutOrEscapeRunner]' started.
Test Case '-[IntentsAutomationCoreTests.AutomationMacHostPreparationTests testMacLayoutCannotReplaceIOSLayoutOrEscapeRunner]' passed (0.002 seconds).
Test Case '-[IntentsAutomationCoreTests.AutomationMacHostPreparationTests testSelectedProductSettingsRequireExactTargetAndOwnedDirectory]' started.
Test Case '-[IntentsAutomationCoreTests.AutomationMacHostPreparationTests testSelectedProductSettingsRequireExactTargetAndOwnedDirectory]' passed (0.001 seconds).
Test Case '-[IntentsAutomationCoreTests.AutomationMacHostPreparationTests testWrongHostSubjectPlatformsAndPhysicalPreparationFailClosed]' started.
Test Case '-[IntentsAutomationCoreTests.AutomationMacHostPreparationTests testWrongHostSubjectPlatformsAndPhysicalPreparationFailClosed]' passed (0.006 seconds).
Test Suite 'AutomationMacHostPreparationTests' failed at 2026-10-07 8:10:17.114 pm.
	 Executed 5 tests, with 1 failure (1 unexpected) in 1.480 (1.481) seconds
Test Suite 'AutomationPreparedApplicationRecordTests' started at 2026-10-07 8:10:17.114 pm.
Test Case '-[IntentsAutomationCoreTests.AutomationPreparedApplicationRecordTests testLoadsOnlyExactOwnedPreparation]' started.
Test Case '-[IntentsAutomationCoreTests.AutomationPreparedApplicationRecordTests testLoadsOnlyExactOwnedPreparation]' passed (0.001 seconds).
Test Case '-[IntentsAutomationCoreTests.AutomationPreparedApplicationRecordTests testRejectsRecordSymlinkCorruptOversizeAndSourceDrift]' started.
Test Case '-[IntentsAutomationCoreTests.AutomationPreparedApplicationRecordTests testRejectsRecordSymlinkCorruptOversizeAndSourceDrift]' passed (0.002 seconds).
Test Case '-[IntentsAutomationCoreTests.AutomationPreparedApplicationRecordTests testRejectsTraversalAndProductSymlink]' started.
Test Case '-[IntentsAutomationCoreTests.AutomationPreparedApplicationRecordTests testRejectsTraversalAndProductSymlink]' passed (0.001 seconds).
Test Case '-[IntentsAutomationCoreTests.AutomationPreparedApplicationRecordTests testRejectsWritableRecordDirectoryAndHardLink]' started.
Test Case '-[IntentsAutomationCoreTests.AutomationPreparedApplicationRecordTests testRejectsWritableRecordDirectoryAndHardLink]' passed (0.001 seconds).
Test Suite 'AutomationPreparedApplicationRecordTests' passed at 2026-10-07 8:10:17.120 pm.
	 Executed 4 tests, with 0 failures (0 unexpected) in 0.005 (0.006) seconds
Test Suite 'IntentsAutomationCoreTests.xctest' failed at 2026-10-07 8:10:17.120 pm.
	 Executed 21 tests, with 1 failure (1 unexpected) in 1.507 (1.508) seconds
Test Suite 'Selected tests' failed at 2026-10-07 8:10:17.120 pm.
	 Executed 21 tests, with 1 failure (1 unexpected) in 1.507 (1.509) seconds
Test Suite 'Selected tests' started at 2026-10-07 8:10:17.182 pm.
Test Suite 'IntentLabResultCaptureTests.xctest' started at 2026-10-07 8:10:17.183 pm.
Test Suite 'IntentLabResultCaptureTests.xctest' passed at 2026-10-07 8:10:17.183 pm.
	 Executed 0 tests, with 0 failures (0 unexpected) in 0.000 (0.000) seconds
Test Suite 'Selected tests' passed at 2026-10-07 8:10:17.183 pm.
	 Executed 0 tests, with 0 failures (0 unexpected) in 0.000 (0.001) seconds
Test Suite 'Selected tests' started at 2026-10-07 8:10:17.245 pm.
Test Suite 'IntentLabContractsTests.xctest' started at 2026-10-07 8:10:17.246 pm.
Test Suite 'IntentLabContractsTests.xctest' passed at 2026-10-07 8:10:17.246 pm.
	 Executed 0 tests, with 0 failures (0 unexpected) in 0.000 (0.000) seconds
Test Suite 'Selected tests' passed at 2026-10-07 8:10:17.246 pm.
	 Executed 0 tests, with 0 failures (0 unexpected) in 0.000 (0.001) seconds
Test Suite 'Selected tests' started at 2026-10-07 8:10:17.310 pm.
Test Suite 'FoundationEvalsPortableTests.xctest' started at 2026-10-07 8:10:17.310 pm.
Test Suite 'FoundationEvalsPortableTests.xctest' passed at 2026-10-07 8:10:17.310 pm.
	 Executed 0 tests, with 0 failures (0 unexpected) in 0.000 (0.000) seconds
Test Suite 'Selected tests' passed at 2026-10-07 8:10:17.310 pm.
	 Executed 0 tests, with 0 failures (0 unexpected) in 0.000 (0.001) seconds
Test Suite 'Selected tests' started at 2026-10-07 8:10:17.372 pm.
Test Suite 'FoundationEvalsDeveloperTests.xctest' started at 2026-10-07 8:10:17.373 pm.
Test Suite 'FoundationEvalsDeveloperTests.xctest' passed at 2026-10-07 8:10:17.373 pm.
	 Executed 0 tests, with 0 failures (0 unexpected) in 0.000 (0.000) seconds
Test Suite 'Selected tests' passed at 2026-10-07 8:10:17.373 pm.
	 Executed 0 tests, with 0 failures (0 unexpected) in 0.000 (0.001) seconds
Note: Some test targets reported failures:
  - IntentsAutomationCoreTests (XCTest)
