warning: /Users/coryparry/Library/org.swift.swiftpm/configuration is not accessible or not writable, disabling user-level cache features.
warning: /Users/coryparry/Library/org.swift.swiftpm/security is not accessible or not writable, disabling user-level cache features.
warning: /Users/coryparry/Library/Caches/org.swift.swiftpm is not accessible or not writable, disabling user-level cache features.
warning: 'intents': failed storing manifest for 'intents' in cache: attempt to write a readonly database
warning: 'intents': found 28 file(s) which are unhandled; explicitly declare them as resources or exclude from the target
    /Users/coryparry/Developer/Projects/Intents/FoundationEvals/FoundationEvalsTests/AttachmentStorageDirectorySafetyTests.swift
    /Users/coryparry/Developer/Projects/Intents/FoundationEvals/FoundationEvalsTests/AutomationMCPTests.swift
    /Users/coryparry/Developer/Projects/Intents/FoundationEvals/FoundationEvalsTests/CaseImportBoundedReadTests.swift
    /Users/coryparry/Developer/Projects/Intents/FoundationEvals/FoundationEvalsTests/DeveloperRunPresentationTests.swift
    /Users/coryparry/Developer/Projects/Intents/FoundationEvals/FoundationEvalsTests/EditorPerformanceTests.swift
    /Users/coryparry/Developer/Projects/Intents/FoundationEvals/FoundationEvalsTests/EvaluationCompatibleJudgeClientTests.swift
    /Users/coryparry/Developer/Projects/Intents/FoundationEvals/FoundationEvalsTests/EvaluationDevelopmentWorkflowTests.swift
    /Users/coryparry/Developer/Projects/Intents/FoundationEvals/FoundationEvalsTests/EvaluationExperimentRunnerFatalStopTests.swift
    /Users/coryparry/Developer/Projects/Intents/FoundationEvals/FoundationEvalsTests/EvaluationJudgeIntegrityTests.swift
    /Users/coryparry/Developer/Projects/Intents/FoundationEvals/FoundationEvalsTests/EvaluationWorkspaceRepairTests.swift
    /Users/coryparry/Developer/Projects/Intents/FoundationEvals/FoundationEvalsTests/EvaluationWorkspaceStateMigrationTests.swift
    /Users/coryparry/Developer/Projects/Intents/FoundationEvals/FoundationEvalsTests/ExternalJudgeFailureTraceTests.swift
    /Users/coryparry/Developer/Projects/Intents/FoundationEvals/FoundationEvalsTests/IntentLabArrayInputTests.swift
    /Users/coryparry/Developer/Projects/Intents/FoundationEvals/FoundationEvalsTests/IntentLabRegressionTests.swift
    /Users/coryparry/Developer/Projects/Intents/FoundationEvals/FoundationEvalsTests/JudgmentCorrectionPersistenceTests.swift
    /Users/coryparry/Developer/Projects/Intents/FoundationEvals/FoundationEvalsTests/PromptTextEditorTests.swift
    /Users/coryparry/Developer/Projects/Intents/FoundationEvals/FoundationEvalsTests/QuickActionsPillViewModelTests.swift
    /Users/coryparry/Developer/Projects/Intents/FoundationEvals/FoundationEvalsTests/ReferenceSharedAdmissionTests.swift
    /Users/coryparry/Developer/Projects/Intents/FoundationEvals/FoundationEvalsTests/ResultPresentationTests.swift
    /Users/coryparry/Developer/Projects/Intents/FoundationEvals/FoundationEvalsTests/ScenarioAcceptanceTests.swift
    /Users/coryparry/Developer/Projects/Intents/FoundationEvals/FoundationEvalsTests/ScoringAttributionTests.swift
    /Users/coryparry/Developer/Projects/Intents/FoundationEvals/FoundationEvalsTests/SelectedAssessmentCoverageTests.swift
    /Users/coryparry/Developer/Projects/Intents/FoundationEvals/FoundationEvalsTests/StructuredFeatureEvidenceTests.swift
    /Users/coryparry/Developer/Projects/Intents/FoundationEvals/FoundationEvalsTests/SubjectEvidenceCompletenessTests.swift
    /Users/coryparry/Developer/Projects/Intents/FoundationEvals/FoundationEvalsTests/SuiteRunActionTests.swift
    /Users/coryparry/Developer/Projects/Intents/FoundationEvals/FoundationEvalsTests/UISnapshotTests.swift
    /Users/coryparry/Developer/Projects/Intents/FoundationEvals/FoundationEvalsTests/WorkspacePresentationTests.swift
    /Users/coryparry/Developer/Projects/Intents/FoundationEvals/FoundationEvalsTests/WorkspaceResetTests.swift
warning: 'intents': found 8 file(s) which are unhandled; explicitly declare them as resources or exclude from the target
    /Users/coryparry/Developer/Projects/Intents/FoundationEvals/FoundationEvals/Views/Components/EditorSection.swift
    /Users/coryparry/Developer/Projects/Intents/FoundationEvals/FoundationEvals/Views/Components/PromptQuickActionsSection.swift
    /Users/coryparry/Developer/Projects/Intents/FoundationEvals/FoundationEvals/Views/Components/QuickActionsPill.swift
    /Users/coryparry/Developer/Projects/Intents/FoundationEvals/FoundationEvals/Views/Components/QuickActionsPillMotion.swift
    /Users/coryparry/Developer/Projects/Intents/FoundationEvals/FoundationEvals/Views/Components/QuickActionsPillPhaseLayout.swift
    /Users/coryparry/Developer/Projects/Intents/FoundationEvals/FoundationEvals/Views/Components/WorkspaceIcon.swift
    /Users/coryparry/Developer/Projects/Intents/FoundationEvals/FoundationEvals/Views/Components/WorkspacePaneLayout.swift
    /Users/coryparry/Developer/Projects/Intents/FoundationEvals/FoundationEvals/Views/Components/WorkspaceStyle.swift
warning: 'intents': found 19 file(s) which are unhandled; explicitly declare them as resources or exclude from the target
    /Users/coryparry/Developer/Projects/Intents/FoundationEvals/FoundationEvals/Models/DevelopmentWorkflowModels.swift
    /Users/coryparry/Developer/Projects/Intents/FoundationEvals/FoundationEvals/Models/WorkspacePresentation.swift
    /Users/coryparry/Developer/Projects/Intents/FoundationEvals/FoundationEvals/Services/EvaluationCaseImporter.swift
    /Users/coryparry/Developer/Projects/Intents/FoundationEvals/FoundationEvals/Services/EvaluationCompatibleJudgeClient.swift
    /Users/coryparry/Developer/Projects/Intents/FoundationEvals/FoundationEvals/Services/EvaluationCompatibleJudgeResponse.swift
    /Users/coryparry/Developer/Projects/Intents/FoundationEvals/FoundationEvals/Services/EvaluationDeveloperFeatureAdapter.swift
    /Users/coryparry/Developer/Projects/Intents/FoundationEvals/FoundationEvals/Services/EvaluationDevelopmentAnalysis.swift
    /Users/coryparry/Developer/Projects/Intents/FoundationEvals/FoundationEvals/Services/EvaluationExperimentRunner.swift
    /Users/coryparry/Developer/Projects/Intents/FoundationEvals/FoundationEvals/Services/EvaluationFeatureAdapter.swift
    /Users/coryparry/Developer/Projects/Intents/FoundationEvals/FoundationEvals/Services/EvaluationReassessmentService.swift
    /Users/coryparry/Developer/Projects/Intents/FoundationEvals/FoundationEvals/Services/EvaluationStarterPacks.swift
    /Users/coryparry/Developer/Projects/Intents/FoundationEvals/FoundationEvals/Services/EvaluationWorkspacePersistence.swift
    /Users/coryparry/Developer/Projects/Intents/FoundationEvals/FoundationEvals/Services/ModelContextSizeCache.swift
    /Users/coryparry/Developer/Projects/Intents/FoundationEvals/FoundationEvals/Services/QuickActionsRewriteService.swift
    /Users/coryparry/Developer/Projects/Intents/FoundationEvals/FoundationEvals/Services/ScenarioCoordinator.swift
    /Users/coryparry/Developer/Projects/Intents/FoundationEvals/FoundationEvals/Services/ScenarioFeatureEvidence.swift
    /Users/coryparry/Developer/Projects/Intents/FoundationEvals/FoundationEvals/Services/ScenarioResponseAssessmentService.swift
    /Users/coryparry/Developer/Projects/Intents/FoundationEvals/FoundationEvals/Services/ScenarioSuggestionService.swift
    /Users/coryparry/Developer/Projects/Intents/FoundationEvals/FoundationEvals/Services/WorkspaceOverviewLoader.swift
Building for debugging...
[Computing dependencies]
[Pre-planning 1 / 851]
[Planning deferred tasks]
[1 / 91] IntentsAutomationCoreTests-product
[15 / 61] IntentsAutomationCore
[18 / 66] IntentsAutomationCore
[20 / 66] IntentsAutomationCore
[22 / 74] IntentsAutomationCore
[28 / 74] IntentsAutomationCore
[29 / 74] IntentsAutomationCore
[32 / 92] IntentsAutomationOwnershipProbe-product
[33 / 92] IntentsAutomationOwnershipProbe
[37 / 98] IntentsAutomationOwnershipProbe
[41 / 109] IntentsAutomationNativeUI
[43 / 113] IntentsAutomationControllerProbe-product
[45 / 113] IntentsAutomationApplicationProbe-product
[46 / 115] IntentsAutomationControllerProbe
[48 / 117] FoundationEvals
[51 / 117] IntentsAutomationNativeUI
[53 / 120] IntentsAutomationOwnershipProbe-product
[58 / 120] IntentsAutomationOwnershipProbe
[59 / 121] FoundationEvals
[65 / 121] IntentsAutomationNativeUI
[67 / 124] IntentsAutomationNativeUI
[68 / 124] IntentsAutomationNativeUI
[69 / 124] IntentsAutomationNativeUI
[70 / 124] IntentsAutomationNativeUI
[71 / 124] IntentsAutomationNativeUI
[72 / 124] IntentsAutomationNativeUI
[73 / 124] IntentsAutomationExecutionProbe-product
[74 / 124] IntentsAutomationCore
[77 / 124] IntentsAutomationCore
[78 / 124] IntentsAutomationCore
[80 / 124] IntentsAutomationControllerProbe-product
[83 / 126] IntentsAutomationCore
[88 / 136] IntentsAutomationCoreTests-product
[89 / 139] IntentsAutomationCore
[91 / 139] FoundationEvals
[94 / 139] FoundationEvals
[95 / 139] FoundationEvals
[97 / 139] FoundationEvals
[98 / 139] FoundationEvals
[99 / 139]
[101 / 138] IntentsAutomationPreparationProbe-product
[105 / 139] IntentsAutomationHostContractTests-product
[108 / 143] IntentsAutomationHostContractTests-product
[113 / 143] IntentsAutomationHostContractTests-product
[117 / 144] IntentsAutomationNativeUITests-product
[118 / 145] IntentsAutomationOwnershipProbe-product
[123 / 151] FoundationEvalsPortableTests-product
[129 / 154] IntentsAutomationNativeUITests-product
[130 / 165] FoundationEvalsPortableTests-product
[130 / 165] IntentsAutomationNativeUITests-product
[132 / 165] IntentsAutomationHostContractTests-product
[134 / 165] FoundationEvalsPortableTests-product
[138 / 165] FoundationEvalsPortableTests-product
[139 / 165] FoundationEvalsPortableTests-product
[139 / 165] IntentsAutomationNativeUITests-product
[141 / 165] FoundationEvalsPortableTests-product
[142 / 165] FoundationEvalsPortableTests-product
[143 / 165] FoundationEvalsPortableTests-product
[144 / 165] FoundationEvalsPortableTests-product
[145 / 165] FoundationEvalsPortableTests-product
[145 / 165]
[153 / 167] IntentsAutomationCoreTests-product
[155 / 178] IntentsAutomationCoreTests-product
[156 / 178] IntentsAutomationCoreTests-product
[159 / 177] IntentsAutomationCoreTests-product
[162 / 177] IntentsAutomationCoreTests-product
[165 / 179] IntentsAutomationCoreTests-product
[168 / 179] IntentsAutomationCoreTests-product
[169 / 179] IntentsAutomationCoreTests-product
[170 / 179] IntentsAutomationCoreTests-product
[172 / 179] IntentsAutomationExecutionProbe-product
[174 / 180] IntentsAutomationCoreTests-product
[176 / 180] IntentsAutomationCoreTests-product
[183 / 183] IntentsAutomationApplicationProbe-product
Build complete! (20.12 secs)
Test Suite 'Selected tests' started at 2026-10-07 8:05:22.951 pm.
Test Suite 'IntentsAutomationNativeUITests.xctest' started at 2026-10-07 8:05:22.952 pm.
Test Suite 'IntentsAutomationNativeUITests.xctest' passed at 2026-10-07 8:05:22.952 pm.
	 Executed 0 tests, with 0 failures (0 unexpected) in 0.000 (0.000) seconds
Test Suite 'Selected tests' passed at 2026-10-07 8:05:22.952 pm.
	 Executed 0 tests, with 0 failures (0 unexpected) in 0.000 (0.001) seconds
Test Suite 'Selected tests' started at 2026-10-07 8:05:23.019 pm.
Test Suite 'IntentsAutomationHostContractTests.xctest' started at 2026-10-07 8:05:23.020 pm.
Test Suite 'IntentsAutomationHostContractTests.xctest' passed at 2026-10-07 8:05:23.020 pm.
	 Executed 0 tests, with 0 failures (0 unexpected) in 0.000 (0.000) seconds
Test Suite 'Selected tests' passed at 2026-10-07 8:05:23.020 pm.
	 Executed 0 tests, with 0 failures (0 unexpected) in 0.000 (0.001) seconds
Test Suite 'Selected tests' started at 2026-10-07 8:05:23.070 pm.
Test Suite 'IntentsAutomationCoreTests.xctest' started at 2026-10-07 8:05:23.071 pm.
Test Suite 'AutomationBuildPlatformTests' started at 2026-10-07 8:05:23.071 pm.
Test Case '-[IntentsAutomationCoreTests.AutomationBuildPlatformTests testActualResolvedSDKAndSupportedSimulatorAreRecorded]' started.
Test Case '-[IntentsAutomationCoreTests.AutomationBuildPlatformTests testActualResolvedSDKAndSupportedSimulatorAreRecorded]' passed (0.001 seconds).
Test Case '-[IntentsAutomationCoreTests.AutomationBuildPlatformTests testAmbiguousMissingAndInconsistentSDKSettingsFailClosed]' started.
Test Case '-[IntentsAutomationCoreTests.AutomationBuildPlatformTests testAmbiguousMissingAndInconsistentSDKSettingsFailClosed]' passed (0.001 seconds).
Test Case '-[IntentsAutomationCoreTests.AutomationBuildPlatformTests testForeignProjectTargetAndConfigurationCannotSupplyPlatform]' started.
Test Case '-[IntentsAutomationCoreTests.AutomationBuildPlatformTests testForeignProjectTargetAndConfigurationCannotSupplyPlatform]' passed (0.000 seconds).
Test Case '-[IntentsAutomationCoreTests.AutomationBuildPlatformTests testMacTargetRequiresExactResolvedNativePlatform]' started.
Test Case '-[IntentsAutomationCoreTests.AutomationBuildPlatformTests testMacTargetRequiresExactResolvedNativePlatform]' passed (0.000 seconds).
Test Case '-[IntentsAutomationCoreTests.AutomationBuildPlatformTests testSDKTempAliasMustResolveToTheSameActualFrozenProject]' started.
Test Case '-[IntentsAutomationCoreTests.AutomationBuildPlatformTests testSDKTempAliasMustResolveToTheSameActualFrozenProject]' passed (0.001 seconds).
Test Suite 'AutomationBuildPlatformTests' passed at 2026-10-07 8:05:23.074 pm.
	 Executed 5 tests, with 0 failures (0 unexpected) in 0.003 (0.003) seconds
Test Suite 'AutomationGeneratorTests' started at 2026-10-07 8:05:23.074 pm.
Test Case '-[IntentsAutomationCoreTests.AutomationGeneratorTests testAbsoluteLiveSourceIsRebasedAndExternalRelativeReferencesAreRejected]' started.
Test Case '-[IntentsAutomationCoreTests.AutomationGeneratorTests testAbsoluteLiveSourceIsRebasedAndExternalRelativeReferencesAreRejected]' passed (0.001 seconds).
Test Case '-[IntentsAutomationCoreTests.AutomationGeneratorTests testAssociatedHostIsGeneratedOnlyInSnapshotWithActualConfiguration]' started.
Test Case '-[IntentsAutomationCoreTests.AutomationGeneratorTests testAssociatedHostIsGeneratedOnlyInSnapshotWithActualConfiguration]' passed (0.010 seconds).
Test Suite 'AutomationGeneratorTests' passed at 2026-10-07 8:05:23.086 pm.
	 Executed 2 tests, with 0 failures (0 unexpected) in 0.012 (0.012) seconds
Test Suite 'AutomationHostTests' started at 2026-10-07 8:05:23.086 pm.
Test Case '-[IntentsAutomationCoreTests.AutomationHostTests testApplePayloadIsTypedDataAndUnknownSettersNeverDispatch]' started.
Test Case '-[IntentsAutomationCoreTests.AutomationHostTests testApplePayloadIsTypedDataAndUnknownSettersNeverDispatch]' passed (0.002 seconds).
Test Case '-[IntentsAutomationCoreTests.AutomationHostTests testCorrelatedCompletedReceiptDoesNotAcceptWrongScopeOrDuplicateOperations]' started.
Test Case '-[IntentsAutomationCoreTests.AutomationHostTests testCorrelatedCompletedReceiptDoesNotAcceptWrongScopeOrDuplicateOperations]' passed (0.001 seconds).
Test Case '-[IntentsAutomationCoreTests.AutomationHostTests testDigestVersionIsCorrelatedInPayloadAndReceiptWithoutChangingOldWireShape]' started.
Test Case '-[IntentsAutomationCoreTests.AutomationHostTests testDigestVersionIsCorrelatedInPayloadAndReceiptWithoutChangingOldWireShape]' passed (0.001 seconds).
Test Case '-[IntentsAutomationCoreTests.AutomationHostTests testHostFileFreezesTheCurrentLeaseAndRejectsAdditionalTargets]' started.
Test Case '-[IntentsAutomationCoreTests.AutomationHostTests testHostFileFreezesTheCurrentLeaseAndRejectsAdditionalTargets]' passed (0.001 seconds).
Test Suite 'AutomationHostTests' passed at 2026-10-07 8:05:23.090 pm.
	 Executed 4 tests, with 0 failures (0 unexpected) in 0.004 (0.004) seconds
Test Suite 'AutomationMacHostPreparationTests' started at 2026-10-07 8:05:23.090 pm.
Test Case '-[IntentsAutomationCoreTests.AutomationMacHostPreparationTests testExplicitActualMacPreparationBuildsWithoutLaunching]' started.
/Users/coryparry/Developer/Projects/Intents/Tests/IntentsAutomationCoreTests/AutomationMacHostPreparationTests.swift:77: -[IntentsAutomationCoreTests.AutomationMacHostPreparationTests testExplicitActualMacPreparationBuildsWithoutLaunching] : Test skipped - Opt in to an owned build-only Mac fixture; no app or intent is launched
Test Case '-[IntentsAutomationCoreTests.AutomationMacHostPreparationTests testExplicitActualMacPreparationBuildsWithoutLaunching]' skipped (0.001 seconds).
Test Case '-[IntentsAutomationCoreTests.AutomationMacHostPreparationTests testMacLayoutAndVersionedFrameworkDigestRoundTrip]' started.
Test Case '-[IntentsAutomationCoreTests.AutomationMacHostPreparationTests testMacLayoutAndVersionedFrameworkDigestRoundTrip]' passed (0.007 seconds).
Test Case '-[IntentsAutomationCoreTests.AutomationMacHostPreparationTests testMacLayoutCannotReplaceIOSLayoutOrEscapeRunner]' started.
Test Case '-[IntentsAutomationCoreTests.AutomationMacHostPreparationTests testMacLayoutCannotReplaceIOSLayoutOrEscapeRunner]' passed (0.002 seconds).
Test Case '-[IntentsAutomationCoreTests.AutomationMacHostPreparationTests testWrongHostSubjectPlatformsAndPhysicalPreparationFailClosed]' started.
Test Case '-[IntentsAutomationCoreTests.AutomationMacHostPreparationTests testWrongHostSubjectPlatformsAndPhysicalPreparationFailClosed]' passed (0.005 seconds).
Test Suite 'AutomationMacHostPreparationTests' passed at 2026-10-07 8:05:23.104 pm.
	 Executed 4 tests, with 1 test skipped and 0 failures (0 unexpected) in 0.014 (0.014) seconds
Test Suite 'AutomationPreparedApplicationRecordTests' started at 2026-10-07 8:05:23.104 pm.
Test Case '-[IntentsAutomationCoreTests.AutomationPreparedApplicationRecordTests testLoadsOnlyExactOwnedPreparation]' started.
Test Case '-[IntentsAutomationCoreTests.AutomationPreparedApplicationRecordTests testLoadsOnlyExactOwnedPreparation]' passed (0.001 seconds).
Test Case '-[IntentsAutomationCoreTests.AutomationPreparedApplicationRecordTests testRejectsRecordSymlinkCorruptOversizeAndSourceDrift]' started.
Test Case '-[IntentsAutomationCoreTests.AutomationPreparedApplicationRecordTests testRejectsRecordSymlinkCorruptOversizeAndSourceDrift]' passed (0.002 seconds).
Test Case '-[IntentsAutomationCoreTests.AutomationPreparedApplicationRecordTests testRejectsTraversalAndProductSymlink]' started.
Test Case '-[IntentsAutomationCoreTests.AutomationPreparedApplicationRecordTests testRejectsTraversalAndProductSymlink]' passed (0.001 seconds).
Test Case '-[IntentsAutomationCoreTests.AutomationPreparedApplicationRecordTests testRejectsWritableRecordDirectoryAndHardLink]' started.
Test Case '-[IntentsAutomationCoreTests.AutomationPreparedApplicationRecordTests testRejectsWritableRecordDirectoryAndHardLink]' passed (0.002 seconds).
Test Suite 'AutomationPreparedApplicationRecordTests' passed at 2026-10-07 8:05:23.111 pm.
	 Executed 4 tests, with 0 failures (0 unexpected) in 0.006 (0.006) seconds
Test Suite 'IntentsAutomationCoreTests.xctest' passed at 2026-10-07 8:05:23.111 pm.
	 Executed 19 tests, with 1 test skipped and 0 failures (0 unexpected) in 0.039 (0.040) seconds
Test Suite 'Selected tests' passed at 2026-10-07 8:05:23.111 pm.
	 Executed 19 tests, with 1 test skipped and 0 failures (0 unexpected) in 0.039 (0.040) seconds
Test Suite 'Selected tests' started at 2026-10-07 8:05:23.174 pm.
Test Suite 'IntentLabResultCaptureTests.xctest' started at 2026-10-07 8:05:23.175 pm.
Test Suite 'IntentLabResultCaptureTests.xctest' passed at 2026-10-07 8:05:23.175 pm.
	 Executed 0 tests, with 0 failures (0 unexpected) in 0.000 (0.000) seconds
Test Suite 'Selected tests' passed at 2026-10-07 8:05:23.175 pm.
	 Executed 0 tests, with 0 failures (0 unexpected) in 0.000 (0.001) seconds
Test Suite 'Selected tests' started at 2026-10-07 8:05:23.239 pm.
Test Suite 'IntentLabContractsTests.xctest' started at 2026-10-07 8:05:23.240 pm.
Test Suite 'IntentLabContractsTests.xctest' passed at 2026-10-07 8:05:23.240 pm.
	 Executed 0 tests, with 0 failures (0 unexpected) in 0.000 (0.000) seconds
Test Suite 'Selected tests' passed at 2026-10-07 8:05:23.240 pm.
	 Executed 0 tests, with 0 failures (0 unexpected) in 0.000 (0.001) seconds
Test Suite 'Selected tests' started at 2026-10-07 8:05:23.307 pm.
Test Suite 'FoundationEvalsPortableTests.xctest' started at 2026-10-07 8:05:23.308 pm.
Test Suite 'FoundationEvalsPortableTests.xctest' passed at 2026-10-07 8:05:23.308 pm.
	 Executed 0 tests, with 0 failures (0 unexpected) in 0.000 (0.000) seconds
Test Suite 'Selected tests' passed at 2026-10-07 8:05:23.308 pm.
	 Executed 0 tests, with 0 failures (0 unexpected) in 0.000 (0.001) seconds
Test Suite 'Selected tests' started at 2026-10-07 8:05:23.373 pm.
Test Suite 'FoundationEvalsDeveloperTests.xctest' started at 2026-10-07 8:05:23.374 pm.
Test Suite 'FoundationEvalsDeveloperTests.xctest' passed at 2026-10-07 8:05:23.374 pm.
	 Executed 0 tests, with 0 failures (0 unexpected) in 0.000 (0.000) seconds
Test Suite 'Selected tests' passed at 2026-10-07 8:05:23.374 pm.
	 Executed 0 tests, with 0 failures (0 unexpected) in 0.000 (0.001) seconds
