Building for production...
[Planning deferred tasks]
[14 / 26]
[15 / 27] AgentDeviceMacOSInput
[23 / 63]
[26 / 63]
[33 / 63]
[35 / 63]
[40 / 63]
[44 / 63]
[47 / 63]
[50 / 63]
[51 / 63]
[52 / 63] AgentDeviceMacOSInput
[59 / 64] agent-device-macos-helper-product
[66 / 103]
[71 / 103]
[73 / 103]
[76 / 103]
[79 / 103]
[84 / 103]
[89 / 103]
[92 / 103]
[94 / 103]
[96 / 103]
[97 / 103]
[99 / 103] agent-device-macos-helper-product
[101 / 103] agent-device-macos-helper-product
[102 / 103] agent-device-macos-helper-product
Build complete! (54.32 secs)
