warning: /Users/coryparry/Library/org.swift.swiftpm/configuration is not accessible or not writable, disabling user-level cache features.
warning: /Users/coryparry/Library/org.swift.swiftpm/security is not accessible or not writable, disabling user-level cache features.
warning: /Users/coryparry/Library/Caches/org.swift.swiftpm is not accessible or not writable, disabling user-level cache features.
warning: 'intents': failed storing manifest for 'intents' in cache: attempt to write a readonly database
warning: 'intents': found 28 file(s) which are unhandled; explicitly declare them as resources or exclude from the target
    /Users/coryparry/Developer/Projects/Intents/FoundationEvals/FoundationEvalsTests/AttachmentStorageDirectorySafetyTests.swift
    /Users/coryparry/Developer/Projects/Intents/FoundationEvals/FoundationEvalsTests/AutomationMCPTests.swift
    /Users/coryparry/Developer/Projects/Intents/FoundationEvals/FoundationEvalsTests/CaseImportBoundedReadTests.swift
    /Users/coryparry/Developer/Projects/Intents/FoundationEvals/FoundationEvalsTests/DeveloperRunPresentationTests.swift
    /Users/coryparry/Developer/Projects/Intents/FoundationEvals/FoundationEvalsTests/EditorPerformanceTests.swift
    /Users/coryparry/Developer/Projects/Intents/FoundationEvals/FoundationEvalsTests/EvaluationCompatibleJudgeClientTests.swift
    /Users/coryparry/Developer/Projects/Intents/FoundationEvals/FoundationEvalsTests/EvaluationDevelopmentWorkflowTests.swift
    /Users/coryparry/Developer/Projects/Intents/FoundationEvals/FoundationEvalsTests/EvaluationExperimentRunnerFatalStopTests.swift
    /Users/coryparry/Developer/Projects/Intents/FoundationEvals/FoundationEvalsTests/EvaluationJudgeIntegrityTests.swift
    /Users/coryparry/Developer/Projects/Intents/FoundationEvals/FoundationEvalsTests/EvaluationWorkspaceRepairTests.swift
    /Users/coryparry/Developer/Projects/Intents/FoundationEvals/FoundationEvalsTests/EvaluationWorkspaceStateMigrationTests.swift
    /Users/coryparry/Developer/Projects/Intents/FoundationEvals/FoundationEvalsTests/ExternalJudgeFailureTraceTests.swift
    /Users/coryparry/Developer/Projects/Intents/FoundationEvals/FoundationEvalsTests/IntentLabArrayInputTests.swift
    /Users/coryparry/Developer/Projects/Intents/FoundationEvals/FoundationEvalsTests/IntentLabRegressionTests.swift
    /Users/coryparry/Developer/Projects/Intents/FoundationEvals/FoundationEvalsTests/JudgmentCorrectionPersistenceTests.swift
    /Users/coryparry/Developer/Projects/Intents/FoundationEvals/FoundationEvalsTests/PromptTextEditorTests.swift
    /Users/coryparry/Developer/Projects/Intents/FoundationEvals/FoundationEvalsTests/QuickActionsPillViewModelTests.swift
    /Users/coryparry/Developer/Projects/Intents/FoundationEvals/FoundationEvalsTests/ReferenceSharedAdmissionTests.swift
    /Users/coryparry/Developer/Projects/Intents/FoundationEvals/FoundationEvalsTests/ResultPresentationTests.swift
    /Users/coryparry/Developer/Projects/Intents/FoundationEvals/FoundationEvalsTests/ScenarioAcceptanceTests.swift
    /Users/coryparry/Developer/Projects/Intents/FoundationEvals/FoundationEvalsTests/ScoringAttributionTests.swift
    /Users/coryparry/Developer/Projects/Intents/FoundationEvals/FoundationEvalsTests/SelectedAssessmentCoverageTests.swift
    /Users/coryparry/Developer/Projects/Intents/FoundationEvals/FoundationEvalsTests/StructuredFeatureEvidenceTests.swift
    /Users/coryparry/Developer/Projects/Intents/FoundationEvals/FoundationEvalsTests/SubjectEvidenceCompletenessTests.swift
    /Users/coryparry/Developer/Projects/Intents/FoundationEvals/FoundationEvalsTests/SuiteRunActionTests.swift
    /Users/coryparry/Developer/Projects/Intents/FoundationEvals/FoundationEvalsTests/UISnapshotTests.swift
    /Users/coryparry/Developer/Projects/Intents/FoundationEvals/FoundationEvalsTests/WorkspacePresentationTests.swift
    /Users/coryparry/Developer/Projects/Intents/FoundationEvals/FoundationEvalsTests/WorkspaceResetTests.swift
warning: 'intents': found 8 file(s) which are unhandled; explicitly declare them as resources or exclude from the target
    /Users/coryparry/Developer/Projects/Intents/FoundationEvals/FoundationEvals/Views/Components/EditorSection.swift
    /Users/coryparry/Developer/Projects/Intents/FoundationEvals/FoundationEvals/Views/Components/PromptQuickActionsSection.swift
    /Users/coryparry/Developer/Projects/Intents/FoundationEvals/FoundationEvals/Views/Components/QuickActionsPill.swift
    /Users/coryparry/Developer/Projects/Intents/FoundationEvals/FoundationEvals/Views/Components/QuickActionsPillMotion.swift
    /Users/coryparry/Developer/Projects/Intents/FoundationEvals/FoundationEvals/Views/Components/QuickActionsPillPhaseLayout.swift
    /Users/coryparry/Developer/Projects/Intents/FoundationEvals/FoundationEvals/Views/Components/WorkspaceIcon.swift
    /Users/coryparry/Developer/Projects/Intents/FoundationEvals/FoundationEvals/Views/Components/WorkspacePaneLayout.swift
    /Users/coryparry/Developer/Projects/Intents/FoundationEvals/FoundationEvals/Views/Components/WorkspaceStyle.swift
warning: 'intents': found 19 file(s) which are unhandled; explicitly declare them as resources or exclude from the target
    /Users/coryparry/Developer/Projects/Intents/FoundationEvals/FoundationEvals/Models/DevelopmentWorkflowModels.swift
    /Users/coryparry/Developer/Projects/Intents/FoundationEvals/FoundationEvals/Models/WorkspacePresentation.swift
    /Users/coryparry/Developer/Projects/Intents/FoundationEvals/FoundationEvals/Services/EvaluationCaseImporter.swift
    /Users/coryparry/Developer/Projects/Intents/FoundationEvals/FoundationEvals/Services/EvaluationCompatibleJudgeClient.swift
    /Users/coryparry/Developer/Projects/Intents/FoundationEvals/FoundationEvals/Services/EvaluationCompatibleJudgeResponse.swift
    /Users/coryparry/Developer/Projects/Intents/FoundationEvals/FoundationEvals/Services/EvaluationDeveloperFeatureAdapter.swift
    /Users/coryparry/Developer/Projects/Intents/FoundationEvals/FoundationEvals/Services/EvaluationDevelopmentAnalysis.swift
    /Users/coryparry/Developer/Projects/Intents/FoundationEvals/FoundationEvals/Services/EvaluationExperimentRunner.swift
    /Users/coryparry/Developer/Projects/Intents/FoundationEvals/FoundationEvals/Services/EvaluationFeatureAdapter.swift
    /Users/coryparry/Developer/Projects/Intents/FoundationEvals/FoundationEvals/Services/EvaluationReassessmentService.swift
    /Users/coryparry/Developer/Projects/Intents/FoundationEvals/FoundationEvals/Services/EvaluationStarterPacks.swift
    /Users/coryparry/Developer/Projects/Intents/FoundationEvals/FoundationEvals/Services/EvaluationWorkspacePersistence.swift
    /Users/coryparry/Developer/Projects/Intents/FoundationEvals/FoundationEvals/Services/ModelContextSizeCache.swift
    /Users/coryparry/Developer/Projects/Intents/FoundationEvals/FoundationEvals/Services/QuickActionsRewriteService.swift
    /Users/coryparry/Developer/Projects/Intents/FoundationEvals/FoundationEvals/Services/ScenarioCoordinator.swift
    /Users/coryparry/Developer/Projects/Intents/FoundationEvals/FoundationEvals/Services/ScenarioFeatureEvidence.swift
    /Users/coryparry/Developer/Projects/Intents/FoundationEvals/FoundationEvals/Services/ScenarioResponseAssessmentService.swift
    /Users/coryparry/Developer/Projects/Intents/FoundationEvals/FoundationEvals/Services/ScenarioSuggestionService.swift
    /Users/coryparry/Developer/Projects/Intents/FoundationEvals/FoundationEvals/Services/WorkspaceOverviewLoader.swift
Building for debugging...
[Computing dependencies]
[1 / 62] FoundationEvalsDeveloper
[2 / 39] IntentsAutomationCore
[4 / 41] IntentsAutomationCore
[12 / 59] IntentsAutomationOwnershipProbe
[13 / 59] IntentsAutomationNativeUI
[13 / 59] IntentsAutomationOwnershipProbe
[15 / 59] IntentsAutomationExecutionProbe-product
[16 / 59] IntentsAutomationControllerProbe-product
[16 / 60] IntentsAutomationNativeUI
[17 / 60] IntentsAutomationNativeUI
[18 / 60] IntentsAutomationControllerProbe
[20 / 60] FoundationEvals
[33 / 62] IntentsAutomationCore
[34 / 66] FoundationEvals
[36 / 63] IntentsAutomationOwnershipProbe-product
[37 / 64] IntentsAutomationPreparationProbe-product
[40 / 64] IntentsAutomationNativeUI
[42 / 64] IntentsAutomationCore-product
[44 / 64] IntentsAutomationApplicationProbe-product
[45 / 65] IntentsAutomationExecutionProbe-product
[50 / 67] FoundationEvalsPortableTests-product
[51 / 67] IntentsAutomationNativeUI
[54 / 66] FoundationEvalsPortableTests-product
[55 / 69] IntentsAutomationHostContractTests-product
[56 / 69] IntentsAutomationOwnershipProbe
[62 / 77]
[65 / 77] FoundationEvalsPortableTests-product
[67 / 78]
[68 / 77] IntentsAutomationNativeUITests-product
[70 / 77] IntentsAutomationNativeUITests-product
[70 / 75] IntentsAutomationCoreTests-product
[72 / 77] IntentsAutomationCoreTests-product
[76 / 79] IntentsAutomationCoreTests-product
[78 / 82] IntentsAutomationCoreTests-product
[80 / 82] IntentsAutomationCoreTests-product
[81 / 81] IntentsAutomationPreparationProbe-product
[83 / 83] IntentsAutomationExecutionProbe-product
Build complete! (41.79 secs)
Test Suite 'Selected tests' started at 2026-10-07 10:18:56.533 pm.
Test Suite 'IntentsAutomationNativeUITests.xctest' started at 2026-10-07 10:18:56.537 pm.
Test Suite 'IntentsAutomationNativeUITests.xctest' passed at 2026-10-07 10:18:56.538 pm.
	 Executed 0 tests, with 0 failures (0 unexpected) in 0.000 (0.000) seconds
Test Suite 'Selected tests' passed at 2026-10-07 10:18:56.538 pm.
	 Executed 0 tests, with 0 failures (0 unexpected) in 0.000 (0.005) seconds
Test Suite 'Selected tests' started at 2026-10-07 10:18:56.790 pm.
Test Suite 'IntentsAutomationHostContractTests.xctest' started at 2026-10-07 10:18:56.792 pm.
Test Suite 'IntentsAutomationHostContractTests.xctest' passed at 2026-10-07 10:18:56.792 pm.
	 Executed 0 tests, with 0 failures (0 unexpected) in 0.000 (0.000) seconds
Test Suite 'Selected tests' passed at 2026-10-07 10:18:56.792 pm.
	 Executed 0 tests, with 0 failures (0 unexpected) in 0.000 (0.002) seconds
Test Suite 'Selected tests' started at 2026-10-07 10:18:56.985 pm.
Test Suite 'IntentsAutomationCoreTests.xctest' started at 2026-10-07 10:18:56.988 pm.
Test Suite 'AutomationControllerTests' started at 2026-10-07 10:18:56.988 pm.
Test Case '-[IntentsAutomationCoreTests.AutomationControllerTests testAggregateControllerCapStopsProviderAndExpiredCampaignStopsPolicy]' started.
Test Case '-[IntentsAutomationCoreTests.AutomationControllerTests testAggregateControllerCapStopsProviderAndExpiredCampaignStopsPolicy]' passed (0.008 seconds).
Test Case '-[IntentsAutomationCoreTests.AutomationControllerTests testBroadRunApprovalDoesNotAllowFillingNavigationOnlySegment]' started.
Test Case '-[IntentsAutomationCoreTests.AutomationControllerTests testBroadRunApprovalDoesNotAllowFillingNavigationOnlySegment]' passed (0.002 seconds).
Test Case '-[IntentsAutomationCoreTests.AutomationControllerTests testDecisionBindsExactNodeAndInputThenCannotBeConsumedTwice]' started.
Test Case '-[IntentsAutomationCoreTests.AutomationControllerTests testDecisionBindsExactNodeAndInputThenCannotBeConsumedTwice]' passed (0.002 seconds).
Test Case '-[IntentsAutomationCoreTests.AutomationControllerTests testFinishIsTerminalEvenForAnUnlearnableSetupObservation]' started.
Test Case '-[IntentsAutomationCoreTests.AutomationControllerTests testFinishIsTerminalEvenForAnUnlearnableSetupObservation]' passed (0.002 seconds).
Test Case '-[IntentsAutomationCoreTests.AutomationControllerTests testFrozenFillWhitelistRejectsContextDecisionAndMalformedDeclarations]' started.
Test Case '-[IntentsAutomationCoreTests.AutomationControllerTests testFrozenFillWhitelistRejectsContextDecisionAndMalformedDeclarations]' passed (0.003 seconds).
Test Case '-[IntentsAutomationCoreTests.AutomationControllerTests testGoalCannotHideWithinOtherOperationsOrObserverInputs]' started.
Test Case '-[IntentsAutomationCoreTests.AutomationControllerTests testGoalCannotHideWithinOtherOperationsOrObserverInputs]' passed (0.000 seconds).
Test Case '-[IntentsAutomationCoreTests.AutomationControllerTests testIndependentReadOperationsReserveObserverCapBeforeGrant]' started.
Test Case '-[IntentsAutomationCoreTests.AutomationControllerTests testIndependentReadOperationsReserveObserverCapBeforeGrant]' passed (0.001 seconds).
Test Case '-[IntentsAutomationCoreTests.AutomationControllerTests testInvalidRequestDiagnosticNeverPersistsRejectedSecureText]' started.
Test Case '-[IntentsAutomationCoreTests.AutomationControllerTests testInvalidRequestDiagnosticNeverPersistsRejectedSecureText]' passed (0.011 seconds).
Test Case '-[IntentsAutomationCoreTests.AutomationControllerTests testKnownAndUnknownSelectionStateRoundTripsWithoutAuthority]' started.
Test Case '-[IntentsAutomationCoreTests.AutomationControllerTests testKnownAndUnknownSelectionStateRoundTripsWithoutAuthority]' passed (0.001 seconds).
Test Case '-[IntentsAutomationCoreTests.AutomationControllerTests testLateDecisionAfterRevocationCannotGrantAnAction]' started.
Test Case '-[IntentsAutomationCoreTests.AutomationControllerTests testLateDecisionAfterRevocationCannotGrantAnAction]' passed (0.001 seconds).
Test Case '-[IntentsAutomationCoreTests.AutomationControllerTests testMalformedSecureObservationAndUnapprovedBindingsAreRejected]' started.
Test Case '-[IntentsAutomationCoreTests.AutomationControllerTests testMalformedSecureObservationAndUnapprovedBindingsAreRejected]' passed (0.000 seconds).
Test Case '-[IntentsAutomationCoreTests.AutomationControllerTests testObservedTestIdentifierRoundTripsWithoutBecomingNodeAuthority]' started.
Test Case '-[IntentsAutomationCoreTests.AutomationControllerTests testObservedTestIdentifierRoundTripsWithoutBecomingNodeAuthority]' passed (0.001 seconds).
Test Case '-[IntentsAutomationCoreTests.AutomationControllerTests testPolicyDiagnosticCountIsBoundedAndIncomingScopeCannotBecomeEvidenceScope]' started.
Test Case '-[IntentsAutomationCoreTests.AutomationControllerTests testPolicyDiagnosticCountIsBoundedAndIncomingScopeCannotBecomeEvidenceScope]' passed (0.191 seconds).
Test Case '-[IntentsAutomationCoreTests.AutomationControllerTests testPolicyDiagnosticsSeparateNodeAndValueMismatchWithoutConsumingGrant]' started.
Test Case '-[IntentsAutomationCoreTests.AutomationControllerTests testPolicyDiagnosticsSeparateNodeAndValueMismatchWithoutConsumingGrant]' passed (0.019 seconds).
Test Case '-[IntentsAutomationCoreTests.AutomationControllerTests testProviderFailureDiagnosticCorrelatesValidatedRequestWithoutErrorMessage]' started.
Test Case '-[IntentsAutomationCoreTests.AutomationControllerTests testProviderFailureDiagnosticCorrelatesValidatedRequestWithoutErrorMessage]' passed (0.008 seconds).
Test Case '-[IntentsAutomationCoreTests.AutomationControllerTests testQueuedControllerActionExpiresWithGoalDeadline]' started.
Test Case '-[IntentsAutomationCoreTests.AutomationControllerTests testQueuedControllerActionExpiresWithGoalDeadline]' passed (0.002 seconds).
Test Case '-[IntentsAutomationCoreTests.AutomationControllerTests testRejectedDecisionShapeKeepsSafeFactsWithoutModelStrings]' started.
Test Case '-[IntentsAutomationCoreTests.AutomationControllerTests testRejectedDecisionShapeKeepsSafeFactsWithoutModelStrings]' passed (0.014 seconds).
Test Case '-[IntentsAutomationCoreTests.AutomationControllerTests testRequiredInputCannotBeReplacedByVisibleEndpointOrForgedProgress]' started.
Test Case '-[IntentsAutomationCoreTests.AutomationControllerTests testRequiredInputCannotBeReplacedByVisibleEndpointOrForgedProgress]' passed (0.001 seconds).
Test Case '-[IntentsAutomationCoreTests.AutomationControllerTests testRequiredInputContractRejectsMissingBindingAndUnboundedCounts]' started.
Test Case '-[IntentsAutomationCoreTests.AutomationControllerTests testRequiredInputContractRejectsMissingBindingAndUnboundedCounts]' passed (0.000 seconds).
Test Case '-[IntentsAutomationCoreTests.AutomationControllerTests testRequiredInputProgressOnlyCreditsConsumedApprovedBinding]' started.
Test Case '-[IntentsAutomationCoreTests.AutomationControllerTests testRequiredInputProgressOnlyCreditsConsumedApprovedBinding]' passed (0.002 seconds).
Test Case '-[IntentsAutomationCoreTests.AutomationControllerTests testSetupCaptureRequiresExactConsumptionAndFinishCannotIssueMoreChoices]' started.
Test Case '-[IntentsAutomationCoreTests.AutomationControllerTests testSetupCaptureRequiresExactConsumptionAndFinishCannotIssueMoreChoices]' passed (0.002 seconds).
Test Case '-[IntentsAutomationCoreTests.AutomationControllerTests testSupportedFillPathPreservesUnknownFactAndExplicitFalseOverrides]' started.
Test Case '-[IntentsAutomationCoreTests.AutomationControllerTests testSupportedFillPathPreservesUnknownFactAndExplicitFalseOverrides]' passed (0.002 seconds).
Test Case '-[IntentsAutomationCoreTests.AutomationControllerTests testUnknownDecisionShapeDoesNotStoreItsRawKindOrNode]' started.
Test Case '-[IntentsAutomationCoreTests.AutomationControllerTests testUnknownDecisionShapeDoesNotStoreItsRawKindOrNode]' passed (0.002 seconds).
Test Case '-[IntentsAutomationCoreTests.AutomationControllerTests testViewportScrollingCannotCarryAnUnqualifiedNodeTarget]' started.
Test Case '-[IntentsAutomationCoreTests.AutomationControllerTests testViewportScrollingCannotCarryAnUnqualifiedNodeTarget]' passed (0.001 seconds).
Test Suite 'AutomationControllerTests' passed at 2026-10-07 10:18:57.270 pm.
	 Executed 24 tests, with 0 failures (0 unexpected) in 0.276 (0.283) seconds
Test Suite 'AutomationSecretFillTests' started at 2026-10-07 10:18:57.271 pm.
Test Case '-[IntentsAutomationCoreTests.AutomationSecretFillTests testAlteredReferenceSinkAndFingerprintCannotDispatch]' started.
Test Case '-[IntentsAutomationCoreTests.AutomationSecretFillTests testAlteredReferenceSinkAndFingerprintCannotDispatch]' passed (0.010 seconds).
Test Case '-[IntentsAutomationCoreTests.AutomationSecretFillTests testCancellationDuringDispatchRetainsAndDrainsUncertainOwnership]' started.
Test Case '-[IntentsAutomationCoreTests.AutomationSecretFillTests testCancellationDuringDispatchRetainsAndDrainsUncertainOwnership]' passed (0.007 seconds).
Test Case '-[IntentsAutomationCoreTests.AutomationSecretFillTests testChangedAppTargetEnvironmentScopeAndUseBudgetCannotBind]' started.
Test Case '-[IntentsAutomationCoreTests.AutomationSecretFillTests testChangedAppTargetEnvironmentScopeAndUseBudgetCannotBind]' passed (0.004 seconds).
Test Case '-[IntentsAutomationCoreTests.AutomationSecretFillTests testDefaultBackendRefusesWithoutResolvingOrTainting]' started.
Test Case '-[IntentsAutomationCoreTests.AutomationSecretFillTests testDefaultBackendRefusesWithoutResolvingOrTainting]' passed (0.005 seconds).
Test Case '-[IntentsAutomationCoreTests.AutomationSecretFillTests testDifferentApprovalOrMissingOrDifferentFenceCannotBind]' started.
Test Case '-[IntentsAutomationCoreTests.AutomationSecretFillTests testDifferentApprovalOrMissingOrDifferentFenceCannotBind]' passed (0.018 seconds).
Test Case '-[IntentsAutomationCoreTests.AutomationSecretFillTests testEvidenceExposureAndSecretAdmissionExcludeEachOther]' started.
Test Case '-[IntentsAutomationCoreTests.AutomationSecretFillTests testEvidenceExposureAndSecretAdmissionExcludeEachOther]' passed (0.007 seconds).
Test Case '-[IntentsAutomationCoreTests.AutomationSecretFillTests testExpiryDuringSinkValidationPreventsDispatch]' started.
Test Case '-[IntentsAutomationCoreTests.AutomationSecretFillTests testExpiryDuringSinkValidationPreventsDispatch]' passed (0.004 seconds).
Test Case '-[IntentsAutomationCoreTests.AutomationSecretFillTests testFailedTaintPersistencePreventsSecretDispatch]' started.
Test Case '-[IntentsAutomationCoreTests.AutomationSecretFillTests testFailedTaintPersistencePreventsSecretDispatch]' passed (0.005 seconds).
Test Case '-[IntentsAutomationCoreTests.AutomationSecretFillTests testLeaseChangedDuringSinkValidationPreventsDispatch]' started.
Test Case '-[IntentsAutomationCoreTests.AutomationSecretFillTests testLeaseChangedDuringSinkValidationPreventsDispatch]' passed (0.003 seconds).
Test Case '-[IntentsAutomationCoreTests.AutomationSecretFillTests testOpaqueBindingAndReceiptNeverSerializeCredentialAndConsentIsOneUse]' started.
Test Case '-[IntentsAutomationCoreTests.AutomationSecretFillTests testOpaqueBindingAndReceiptNeverSerializeCredentialAndConsentIsOneUse]' passed (0.007 seconds).
Test Case '-[IntentsAutomationCoreTests.AutomationSecretFillTests testOpaqueProgramMappingDispatchesOnceAndNeverSerializesCredential]' started.
Test Case '-[IntentsAutomationCoreTests.AutomationSecretFillTests testOpaqueProgramMappingDispatchesOnceAndNeverSerializesCredential]' passed (0.008 seconds).
Test Case '-[IntentsAutomationCoreTests.AutomationSecretFillTests testRevocationAcrossSecretRegistrationLeaseReadCannotPublishHandle]' started.
Test Case '-[IntentsAutomationCoreTests.AutomationSecretFillTests testRevocationAcrossSecretRegistrationLeaseReadCannotPublishHandle]' passed (0.004 seconds).
Test Case '-[IntentsAutomationCoreTests.AutomationSecretFillTests testRevocationOrExpiryDuringFinalLeaseCheckCannotReturnReceipt]' started.
Test Case '-[IntentsAutomationCoreTests.AutomationSecretFillTests testRevocationOrExpiryDuringFinalLeaseCheckCannotReturnReceipt]' passed (0.008 seconds).
Test Case '-[IntentsAutomationCoreTests.AutomationSecretFillTests testRevocationWhileValidationIsSuspendedDrainsAndNeverDispatches]' started.
Test Case '-[IntentsAutomationCoreTests.AutomationSecretFillTests testRevocationWhileValidationIsSuspendedDrainsAndNeverDispatches]' passed (0.003 seconds).
Test Case '-[IntentsAutomationCoreTests.AutomationSecretFillTests testSecretBrokerRejectsChangedScopeOperationBindingReferenceAndExtraValueBeforeDispatch]' started.
Test Case '-[IntentsAutomationCoreTests.AutomationSecretFillTests testSecretBrokerRejectsChangedScopeOperationBindingReferenceAndExtraValueBeforeDispatch]' passed (0.006 seconds).
Test Case '-[IntentsAutomationCoreTests.AutomationSecretFillTests testSecretBrokerRevokeDrainsActualUncooperativeSubmissionBeforeReturning]' started.
Test Case '-[IntentsAutomationCoreTests.AutomationSecretFillTests testSecretBrokerRevokeDrainsActualUncooperativeSubmissionBeforeReturning]' passed (0.004 seconds).
Test Case '-[IntentsAutomationCoreTests.AutomationSecretFillTests testSecretBrokerSanitizesAdapterErrorAndConsumesMapping]' started.
Test Case '-[IntentsAutomationCoreTests.AutomationSecretFillTests testSecretBrokerSanitizesAdapterErrorAndConsumesMapping]' passed (0.009 seconds).
Test Case '-[IntentsAutomationCoreTests.AutomationSecretFillTests testSecretMappingDrainWaitsForSuspendedRegistrationValidation]' started.
Test Case '-[IntentsAutomationCoreTests.AutomationSecretFillTests testSecretMappingDrainWaitsForSuspendedRegistrationValidation]' passed (0.004 seconds).
Test Case '-[IntentsAutomationCoreTests.AutomationSecretFillTests testSecretMappingRejectsObserverAndAmbiguousDeclarationsAndPublicOperationDecode]' started.
Test Case '-[IntentsAutomationCoreTests.AutomationSecretFillTests testSecretMappingRejectsObserverAndAmbiguousDeclarationsAndPublicOperationDecode]' passed (0.003 seconds).
Test Case '-[IntentsAutomationCoreTests.AutomationSecretFillTests testSecretRegistrationRequiresExactLiveSessionEntryAndUniqueOperationAndReference]' started.
Test Case '-[IntentsAutomationCoreTests.AutomationSecretFillTests testSecretRegistrationRequiresExactLiveSessionEntryAndUniqueOperationAndReference]' passed (0.009 seconds).
Test Case '-[IntentsAutomationCoreTests.AutomationSecretFillTests testSecureSinkValidationRejectsWithoutResolution]' started.
Test Case '-[IntentsAutomationCoreTests.AutomationSecretFillTests testSecureSinkValidationRejectsWithoutResolution]' passed (0.005 seconds).
Test Case '-[IntentsAutomationCoreTests.AutomationSecretFillTests testSharedAuthorityIsRequiredEvenWithValidSecretConsent]' started.
Test Case '-[IntentsAutomationCoreTests.AutomationSecretFillTests testSharedAuthorityIsRequiredEvenWithValidSecretConsent]' passed (0.006 seconds).
Test Case '-[IntentsAutomationCoreTests.AutomationSecretFillTests testSharedFenceBlocksOtherAttemptAndSurvivesReload]' started.
Test Case '-[IntentsAutomationCoreTests.AutomationSecretFillTests testSharedFenceBlocksOtherAttemptAndSurvivesReload]' passed (0.015 seconds).
Test Case '-[IntentsAutomationCoreTests.AutomationSecretFillTests testTaintDeniesOldNewDerivedAndCrossSegmentArtifactsAcrossRegistries]' started.
Test Case '-[IntentsAutomationCoreTests.AutomationSecretFillTests testTaintDeniesOldNewDerivedAndCrossSegmentArtifactsAcrossRegistries]' passed (0.022 seconds).
Test Case '-[IntentsAutomationCoreTests.AutomationSecretFillTests testTaintedControllerRequestIsDeniedBeforeProviderDispatch]' started.
Test Case '-[IntentsAutomationCoreTests.AutomationSecretFillTests testTaintedControllerRequestIsDeniedBeforeProviderDispatch]' passed (0.021 seconds).
Test Case '-[IntentsAutomationCoreTests.AutomationSecretFillTests testUncertainAdapterFailureIsSanitizedNeverRetriedAndRetainsTaint]' started.
Test Case '-[IntentsAutomationCoreTests.AutomationSecretFillTests testUncertainAdapterFailureIsSanitizedNeverRetriedAndRetainsTaint]' passed (0.009 seconds).
Test Suite 'AutomationSecretFillTests' passed at 2026-10-07 10:18:57.480 pm.
	 Executed 26 tests, with 0 failures (0 unexpected) in 0.204 (0.210) seconds
Test Suite 'IntentsAutomationCoreTests.xctest' passed at 2026-10-07 10:18:57.480 pm.
	 Executed 50 tests, with 0 failures (0 unexpected) in 0.480 (0.493) seconds
Test Suite 'Selected tests' passed at 2026-10-07 10:18:57.480 pm.
	 Executed 50 tests, with 0 failures (0 unexpected) in 0.480 (0.495) seconds
Test Suite 'Selected tests' started at 2026-10-07 10:18:57.737 pm.
Test Suite 'IntentLabResultCaptureTests.xctest' started at 2026-10-07 10:18:57.740 pm.
Test Suite 'IntentLabResultCaptureTests.xctest' passed at 2026-10-07 10:18:57.740 pm.
	 Executed 0 tests, with 0 failures (0 unexpected) in 0.000 (0.000) seconds
Test Suite 'Selected tests' passed at 2026-10-07 10:18:57.740 pm.
	 Executed 0 tests, with 0 failures (0 unexpected) in 0.000 (0.003) seconds
Test Suite 'Selected tests' started at 2026-10-07 10:18:57.986 pm.
Test Suite 'IntentLabContractsTests.xctest' started at 2026-10-07 10:18:57.989 pm.
Test Suite 'IntentLabContractsTests.xctest' passed at 2026-10-07 10:18:57.989 pm.
	 Executed 0 tests, with 0 failures (0 unexpected) in 0.000 (0.000) seconds
Test Suite 'Selected tests' passed at 2026-10-07 10:18:57.989 pm.
	 Executed 0 tests, with 0 failures (0 unexpected) in 0.000 (0.003) seconds
Test Suite 'Selected tests' started at 2026-10-07 10:18:58.210 pm.
Test Suite 'FoundationEvalsPortableTests.xctest' started at 2026-10-07 10:18:58.212 pm.
Test Suite 'FoundationEvalsPortableTests.xctest' passed at 2026-10-07 10:18:58.212 pm.
	 Executed 0 tests, with 0 failures (0 unexpected) in 0.000 (0.000) seconds
Test Suite 'Selected tests' passed at 2026-10-07 10:18:58.212 pm.
	 Executed 0 tests, with 0 failures (0 unexpected) in 0.000 (0.003) seconds
Test Suite 'Selected tests' started at 2026-10-07 10:18:58.452 pm.
Test Suite 'FoundationEvalsDeveloperTests.xctest' started at 2026-10-07 10:18:58.457 pm.
Test Suite 'FoundationEvalsDeveloperTests.xctest' passed at 2026-10-07 10:18:58.457 pm.
	 Executed 0 tests, with 0 failures (0 unexpected) in 0.000 (0.000) seconds
Test Suite 'Selected tests' passed at 2026-10-07 10:18:58.457 pm.
	 Executed 0 tests, with 0 failures (0 unexpected) in 0.000 (0.005) seconds
